Archive member included to satisfy reference by file (symbol)

/user/HS401/ks02179/com1031/arm-toolchain/bin/../lib/gcc/arm-none-eabi/12.3.1/thumb/v6-m/nofp/libgcc.a(_dvmd_tls.o)
                              CMakeFiles/out.dir/user/HS401/ks02179/com1031/pico-sdk/src/rp2_common/pico_divider/divider.S.obj (__aeabi_idiv0)
/user/HS401/ks02179/com1031/arm-toolchain/bin/../lib/gcc/arm-none-eabi/12.3.1/../../../../arm-none-eabi/lib/thumb/v6-m/nofp/libg.a(libc_a-clock.o)
                              CMakeFiles/out.dir/morse_code.c.obj (clock)
/user/HS401/ks02179/com1031/arm-toolchain/bin/../lib/gcc/arm-none-eabi/12.3.1/../../../../arm-none-eabi/lib/thumb/v6-m/nofp/libg.a(libc_a-timesr.o)
                              /user/HS401/ks02179/com1031/arm-toolchain/bin/../lib/gcc/arm-none-eabi/12.3.1/../../../../arm-none-eabi/lib/thumb/v6-m/nofp/libg.a(libc_a-clock.o) (_times_r)
/user/HS401/ks02179/com1031/arm-toolchain/bin/../lib/gcc/arm-none-eabi/12.3.1/../../../../arm-none-eabi/lib/thumb/v6-m/nofp/libg.a(libc_a-malloc.o)
                              CMakeFiles/out.dir/user/HS401/ks02179/com1031/pico-sdk/src/rp2_common/pico_malloc/pico_malloc.c.obj (malloc)
/user/HS401/ks02179/com1031/arm-toolchain/bin/../lib/gcc/arm-none-eabi/12.3.1/../../../../arm-none-eabi/lib/thumb/v6-m/nofp/libg.a(libc_a-mallocr.o)
                              /user/HS401/ks02179/com1031/arm-toolchain/bin/../lib/gcc/arm-none-eabi/12.3.1/../../../../arm-none-eabi/lib/thumb/v6-m/nofp/libg.a(libc_a-malloc.o) (_malloc_r)
/user/HS401/ks02179/com1031/arm-toolchain/bin/../lib/gcc/arm-none-eabi/12.3.1/../../../../arm-none-eabi/lib/thumb/v6-m/nofp/libg.a(libc_a-init.o)
                              /user/HS401/ks02179/com1031/arm-toolchain/bin/../lib/gcc/arm-none-eabi/12.3.1/../../../../arm-none-eabi/lib/thumb/v6-m/nofp/crt0.o (__libc_init_array)
/user/HS401/ks02179/com1031/arm-toolchain/bin/../lib/gcc/arm-none-eabi/12.3.1/../../../../arm-none-eabi/lib/thumb/v6-m/nofp/libg.a(libc_a-sysconf.o)
                              /user/HS401/ks02179/com1031/arm-toolchain/bin/../lib/gcc/arm-none-eabi/12.3.1/../../../../arm-none-eabi/lib/thumb/v6-m/nofp/libg.a(libc_a-mallocr.o) (sysconf)
/user/HS401/ks02179/com1031/arm-toolchain/bin/../lib/gcc/arm-none-eabi/12.3.1/../../../../arm-none-eabi/lib/thumb/v6-m/nofp/libg.a(libc_a-strcmp.o)
                              CMakeFiles/out.dir/morse_code.c.obj (strcmp)
/user/HS401/ks02179/com1031/arm-toolchain/bin/../lib/gcc/arm-none-eabi/12.3.1/../../../../arm-none-eabi/lib/thumb/v6-m/nofp/libg.a(libc_a-mlock.o)
                              /user/HS401/ks02179/com1031/arm-toolchain/bin/../lib/gcc/arm-none-eabi/12.3.1/../../../../arm-none-eabi/lib/thumb/v6-m/nofp/libg.a(libc_a-mallocr.o) (__malloc_lock)
/user/HS401/ks02179/com1031/arm-toolchain/bin/../lib/gcc/arm-none-eabi/12.3.1/../../../../arm-none-eabi/lib/thumb/v6-m/nofp/libg.a(libc_a-calloc.o)
                              CMakeFiles/out.dir/user/HS401/ks02179/com1031/pico-sdk/src/rp2_common/pico_malloc/pico_malloc.c.obj (calloc)
/user/HS401/ks02179/com1031/arm-toolchain/bin/../lib/gcc/arm-none-eabi/12.3.1/../../../../arm-none-eabi/lib/thumb/v6-m/nofp/libg.a(libc_a-callocr.o)
                              /user/HS401/ks02179/com1031/arm-toolchain/bin/../lib/gcc/arm-none-eabi/12.3.1/../../../../arm-none-eabi/lib/thumb/v6-m/nofp/libg.a(libc_a-calloc.o) (_calloc_r)
/user/HS401/ks02179/com1031/arm-toolchain/bin/../lib/gcc/arm-none-eabi/12.3.1/../../../../arm-none-eabi/lib/thumb/v6-m/nofp/libg.a(libc_a-realloc.o)
                              CMakeFiles/out.dir/user/HS401/ks02179/com1031/pico-sdk/src/rp2_common/pico_malloc/pico_malloc.c.obj (realloc)
/user/HS401/ks02179/com1031/arm-toolchain/bin/../lib/gcc/arm-none-eabi/12.3.1/../../../../arm-none-eabi/lib/thumb/v6-m/nofp/libg.a(libc_a-impure.o)
                              /user/HS401/ks02179/com1031/arm-toolchain/bin/../lib/gcc/arm-none-eabi/12.3.1/../../../../arm-none-eabi/lib/thumb/v6-m/nofp/libg.a(libc_a-clock.o) (_impure_ptr)
/user/HS401/ks02179/com1031/arm-toolchain/bin/../lib/gcc/arm-none-eabi/12.3.1/../../../../arm-none-eabi/lib/thumb/v6-m/nofp/libg.a(libc_a-findfp.o)
                              /user/HS401/ks02179/com1031/arm-toolchain/bin/../lib/gcc/arm-none-eabi/12.3.1/../../../../arm-none-eabi/lib/thumb/v6-m/nofp/libg.a(libc_a-impure.o) (__sf)
/user/HS401/ks02179/com1031/arm-toolchain/bin/../lib/gcc/arm-none-eabi/12.3.1/../../../../arm-none-eabi/lib/thumb/v6-m/nofp/libg.a(libc_a-strlen-stub.o)
                              CMakeFiles/out.dir/morse_code.c.obj (strlen)
/user/HS401/ks02179/com1031/arm-toolchain/bin/../lib/gcc/arm-none-eabi/12.3.1/../../../../arm-none-eabi/lib/thumb/v6-m/nofp/libg.a(libc_a-reallocr.o)
                              /user/HS401/ks02179/com1031/arm-toolchain/bin/../lib/gcc/arm-none-eabi/12.3.1/../../../../arm-none-eabi/lib/thumb/v6-m/nofp/libg.a(libc_a-realloc.o) (_realloc_r)
[...]
Memory Configuration

Name             Origin             Length             Attributes
FLASH            0x10000000         0x00200000         xr
RAM              0x20000000         0x00040000         xrw
SCRATCH_X        0x20040000         0x00001000         xrw
SCRATCH_Y        0x20041000         0x00001000         xrw
*default*        0x00000000         0xffffffff

Linker script and memory map

LOAD /user/HS401/ks02179/com1031/arm-toolchain/bin/../lib/gcc/arm-none-eabi/12.3.1/thumb/v6-m/nofp/crti.o
LOAD /user/HS401/ks02179/com1031/arm-toolchain/bin/../lib/gcc/arm-none-eabi/12.3.1/thumb/v6-m/nofp/crtbegin.o
LOAD /user/HS401/ks02179/com1031/arm-toolchain/bin/../lib/gcc/arm-none-eabi/12.3.1/../../../../arm-none-eabi/lib/thumb/v6-m/nofp/crt0.o

.flash_begin    0x10000000        0x0
                0x10000000                        __flash_binary_start = .

.boot2          0x10000000      0x100
                0x10000000                        __boot2_start__ = .
 *(.boot2)
 .boot2         0x10000000      0x100 /tmp/ccrUYvlk.o
                0x10000100                        __boot2_end__ = .
                0x00000001                        ASSERT (((__boot2_end__ - __boot2_start__) == 0x100), ERROR: Pico second stage bootloader must be 256 bytes in size)

.text           0x10000100     0x4ca8
                0x10000100                        __logical_binary_start = .
 *(.vectors)
 .vectors       0x10000100       0xd4 CMakeFiles/out.dir/user/HS401/ks02179/com1031/pico-sdk/src/rp2_common/pico_standard_link/crt0.S.obj
                0x10000100                __vectors
                0x10000100                __VECTOR_TABLE
                0x100001c0                isr_invalid
                0x100001c0                __default_isrs_start
                0x100001c2                isr_nmi
                0x100001c4                isr_hardfault
                0x100001c6                isr_svcall
                0x100001c8                isr_pendsv
                0x100001ca                isr_systick
                0x100001cc                isr_irq30
                0x100001cc                __unhandled_user_irq
                0x100001cc                isr_irq13
                0x100001cc                isr_irq27
                0x100001cc                isr_irq31
                0x100001cc                isr_irq5
                0x100001cc                isr_irq11
                0x100001cc                isr_irq23
                0x100001cc                isr_irq18
                0x100001cc                isr_irq28
                0x100001cc                isr_irq19
                0x100001cc                isr_irq0
                0x100001cc                isr_irq6
                0x100001cc                isr_irq22
                0x100001cc                isr_irq17
                0x100001cc                isr_irq14
                0x100001cc                isr_irq2
                0x100001cc                isr_irq10
                0x100001cc                isr_irq8
                0x100001cc                isr_irq24
                0x100001cc                isr_irq1
                0x100001cc                isr_irq7
                0x100001cc                isr_irq21
                0x100001cc                isr_irq20
                0x100001cc                isr_irq15
                0x100001cc                isr_irq25
                0x100001cc                isr_irq4
                0x100001cc                isr_irq16
                0x100001cc                isr_irq29
                0x100001cc                isr_irq26
                0x100001cc                __default_isrs_end
                0x100001cc                isr_irq3
                0x100001cc                isr_irq12
                0x100001cc                isr_irq9
                0x100001d2                unhandled_user_irq_num_in_r0
 *(.binary_info_header)
 .binary_info_header
                0x100001d4       0x14 CMakeFiles/out.dir/user/HS401/ks02179/com1031/pico-sdk/src/rp2_common/pico_standard_link/crt0.S.obj
                0x100001e8                        __binary_info_header_end = .
 *(.reset)
 .reset         0x100001e8       0xa0 CMakeFiles/out.dir/user/HS401/ks02179/com1031/pico-sdk/src/rp2_common/pico_standard_link/crt0.S.obj
                0x100001e8                _entry_point
 .reset         0x10000288       0x24 CMakeFiles/out.dir/user/HS401/ks02179/com1031/pico-sdk/src/rp2_common/pico_standard_link/binary_info.c.obj
 *(.init)
 .init          0x100002ac        0x4 /user/HS401/ks02179/com1031/arm-toolchain/bin/../lib/gcc/arm-none-eabi/12.3.1/thumb/v6-m/nofp/crti.o
                0x100002ac                _init
 *(EXCLUDE_FILE(*libm.a: *libc.a:*lib_a-mem*.o *libgcc.a:) .text*)
 .text.register_tm_clones
                0x100002b0       0x28 /user/HS401/ks02179/com1031/arm-toolchain/bin/../lib/gcc/arm-none-eabi/12.3.1/thumb/v6-m/nofp/crtbegin.o
 .text.frame_dummy
                0x100002d8       0x24 /user/HS401/ks02179/com1031/arm-toolchain/bin/../lib/gcc/arm-none-eabi/12.3.1/thumb/v6-m/nofp/crtbegin.o
 .text.seven_segment_init
                0x100002fc       0x28 CMakeFiles/out.dir/morse_code.c.obj
                0x100002fc                seven_segment_init
 .text.seven_segment_off
                0x10000324       0x20 CMakeFiles/out.dir/morse_code.c.obj
                0x10000324                seven_segment_off
 .text.decoder  0x10000344      0x57c CMakeFiles/out.dir/morse_code.c.obj
                0x10000344                decoder
 .text.checkButton
                0x100008c0       0x88 CMakeFiles/out.dir/morse_code.c.obj
                0x100008c0                checkButton
 .text.main     0x10000948      0x114 CMakeFiles/out.dir/morse_code.c.obj
                0x10000948                main
 .text.gpio_set_function
                0x10000a5c       0x30 CMakeFiles/out.dir/user/HS401/ks02179/com1031/pico-sdk/src/rp2_common/hardware_gpio/gpio.c.obj
                0x10000a5c                gpio_set_function
 .text.gpio_set_pulls
                0x10000a8c       0x34 CMakeFiles/out.dir/user/HS401/ks02179/com1031/pico-sdk/src/rp2_common/hardware_gpio/gpio.c.obj
                0x10000a8c                gpio_set_pulls
 .text.gpio_init
                0x10000ac0       0x16 CMakeFiles/out.dir/user/HS401/ks02179/com1031/pico-sdk/src/rp2_common/hardware_gpio/gpio.c.obj
                0x10000ac0                gpio_init
 *fill*         0x10000ad6        0x2 
 .text.running_on_fpga
                0x10000ad8       0x14 CMakeFiles/out.dir/user/HS401/ks02179/com1031/pico-sdk/src/rp2_common/pico_platform/platform.c.obj
                0x10000ad8                running_on_fpga
 .text.hw_claim_lock
                0x10000aec       0x18 CMakeFiles/out.dir/user/HS401/ks02179/com1031/pico-sdk/src/rp2_common/hardware_claim/claim.c.obj
                0x10000aec                hw_claim_lock
 .text.hw_claim_unlock
                0x10000b04       0x14 CMakeFiles/out.dir/user/HS401/ks02179/com1031/pico-sdk/src/rp2_common/hardware_claim/claim.c.obj
                0x10000b04                hw_claim_unlock
 .text.hw_claim_or_assert
                0x10000b18       0x32 CMakeFiles/out.dir/user/HS401/ks02179/com1031/pico-sdk/src/rp2_common/hardware_claim/claim.c.obj
                0x10000b18                hw_claim_or_assert
 *fill*         0x10000b4a        0x2 
 .text.spin_locks_reset
                0x10000b4c       0x20 CMakeFiles/out.dir/user/HS401/ks02179/com1031/pico-sdk/src/rp2_common/hardware_sync/sync.c.obj
                0x10000b4c                spin_locks_reset
 .text.next_striped_spin_lock_num
                0x10000b6c       0x1c CMakeFiles/out.dir/user/HS401/ks02179/com1031/pico-sdk/src/rp2_common/hardware_sync/sync.c.obj
                0x10000b6c                next_striped_spin_lock_num
 .text.set_raw_irq_handler_and_unlock
                0x10000b88       0x28 CMakeFiles/out.dir/user/HS401/ks02179/com1031/pico-sdk/src/rp2_common/hardware_irq/irq.c.obj
 .text.resolve_branch
                0x10000bb0       0x30 CMakeFiles/out.dir/user/HS401/ks02179/com1031/pico-sdk/src/rp2_common/hardware_irq/irq.c.obj
 .text.make_branch
                0x10000be0       0x48 CMakeFiles/out.dir/user/HS401/ks02179/com1031/pico-sdk/src/rp2_common/hardware_irq/irq.c.obj
 .text.insert_branch_and_link
                0x10000c28       0x40 CMakeFiles/out.dir/user/HS401/ks02179/com1031/pico-sdk/src/rp2_common/hardware_irq/irq.c.obj
 .text.irq_is_enabled
                0x10000c68       0x18 CMakeFiles/out.dir/user/HS401/ks02179/com1031/pico-sdk/src/rp2_common/hardware_irq/irq.c.obj
                0x10000c68                irq_is_enabled
 .text.irq_set_mask_enabled
                0x10000c80       0x20 CMakeFiles/out.dir/user/HS401/ks02179/com1031/pico-sdk/src/rp2_common/hardware_irq/irq.c.obj
                0x10000c80                irq_set_mask_enabled
 .text.irq_set_enabled
                0x10000ca0        0xe CMakeFiles/out.dir/user/HS401/ks02179/com1031/pico-sdk/src/rp2_common/hardware_irq/irq.c.obj
                0x10000ca0                irq_set_enabled
 *fill*         0x10000cae        0x2 
 .text.irq_get_vtable_handler
                0x10000cb0       0x10 CMakeFiles/out.dir/user/HS401/ks02179/com1031/pico-sdk/src/rp2_common/hardware_irq/irq.c.obj
                0x10000cb0                irq_get_vtable_handler
 .text.irq_set_exclusive_handler
                0x10000cc0       0x54 CMakeFiles/out.dir/user/HS401/ks02179/com1031/pico-sdk/src/rp2_common/hardware_irq/irq.c.obj
                0x10000cc0                irq_set_exclusive_handler
 .text.irq_remove_handler
                0x10000d14      0x188 CMakeFiles/out.dir/user/HS401/ks02179/com1031/pico-sdk/src/rp2_common/hardware_irq/irq.c.obj
                0x10000d14                irq_remove_handler
 .text.irq_add_tail_to_free_list
                0x10000e9c       0xf0 CMakeFiles/out.dir/user/HS401/ks02179/com1031/pico-sdk/src/rp2_common/hardware_irq/irq.c.obj
                0x10000e9c                irq_add_tail_to_free_list
 .text.irq_init_priorities
                0x10000f8c       0x1c CMakeFiles/out.dir/user/HS401/ks02179/com1031/pico-sdk/src/rp2_common/hardware_irq/irq.c.obj
                0x10000f8c                irq_init_priorities
 .text.lock_init
                0x10000fa8       0x10 CMakeFiles/out.dir/user/HS401/ks02179/com1031/pico-sdk/src/common/pico_sync/lock_core.c.obj
                0x10000fa8                lock_init
 .text.mutex_init
                0x10000fb8       0x1a CMakeFiles/out.dir/user/HS401/ks02179/com1031/pico-sdk/src/common/pico_sync/mutex.c.obj
                0x10000fb8                mutex_init
 .text.recursive_mutex_init
                0x10000fd2       0x1e CMakeFiles/out.dir/user/HS401/ks02179/com1031/pico-sdk/src/common/pico_sync/mutex.c.obj
                0x10000fd2                recursive_mutex_init
 .text.time_reached
                0x10000ff0       0x28 CMakeFiles/out.dir/user/HS401/ks02179/com1031/pico-sdk/src/common/pico_time/time.c.obj
 .text.get_entry
                0x10001018       0x38 CMakeFiles/out.dir/user/HS401/ks02179/com1031/pico-sdk/src/common/pico_time/time.c.obj
 .text.timer_pool_entry_comparator
                0x10001050       0x2e CMakeFiles/out.dir/user/HS401/ks02179/com1031/pico-sdk/src/common/pico_time/time.c.obj
                0x10001050                timer_pool_entry_comparator
 *fill*         0x1000107e        0x2 
 .text.update_us_since_boot
                0x10001080       0x24 CMakeFiles/out.dir/user/HS401/ks02179/com1031/pico-sdk/src/common/pico_time/time.c.obj
 .text.delayed_by_us
                0x100010a4       0x34 CMakeFiles/out.dir/user/HS401/ks02179/com1031/pico-sdk/src/common/pico_time/time.c.obj
 .text.ph_get_node
                0x100010d8       0x30 CMakeFiles/out.dir/user/HS401/ks02179/com1031/pico-sdk/src/common/pico_time/time.c.obj
 .text.ph_contains_node
                0x10001108       0x1e CMakeFiles/out.dir/user/HS401/ks02179/com1031/pico-sdk/src/common/pico_time/time.c.obj
 .text.ph_new_node
                0x10001126       0x28 CMakeFiles/out.dir/user/HS401/ks02179/com1031/pico-sdk/src/common/pico_time/time.c.obj
 *fill*         0x1000114e        0x2 
 .text.ph_add_child_node
                0x10001150       0x6c CMakeFiles/out.dir/user/HS401/ks02179/com1031/pico-sdk/src/common/pico_time/time.c.obj
 .text.ph_merge_nodes
                0x100011bc       0x3e CMakeFiles/out.dir/user/HS401/ks02179/com1031/pico-sdk/src/common/pico_time/time.c.obj
 *fill*         0x100011fa        0x2 
 .text.ph_insert_node
                0x100011fc       0x3c CMakeFiles/out.dir/user/HS401/ks02179/com1031/pico-sdk/src/common/pico_time/time.c.obj
 .text.ph_free_node
                0x10001238       0x5c CMakeFiles/out.dir/user/HS401/ks02179/com1031/pico-sdk/src/common/pico_time/time.c.obj
 .text.get_entry_id_high
                0x10001294       0x30 CMakeFiles/out.dir/user/HS401/ks02179/com1031/pico-sdk/src/common/pico_time/time.c.obj
 .text.alarm_pool_post_alloc_init
                0x100012c4       0x40 CMakeFiles/out.dir/user/HS401/ks02179/com1031/pico-sdk/src/common/pico_time/time.c.obj
 .text.sleep_until_callback
                0x10001304       0x30 CMakeFiles/out.dir/user/HS401/ks02179/com1031/pico-sdk/src/common/pico_time/time.c.obj
 .text.get_absolute_time
                0x10001334       0x22 CMakeFiles/out.dir/user/HS401/ks02179/com1031/pico-sdk/src/common/pico_time/time.c.obj
 .text.make_timeout_time_us
                0x10001356       0x24 CMakeFiles/out.dir/user/HS401/ks02179/com1031/pico-sdk/src/common/pico_time/time.c.obj
 *fill*         0x1000137a        0x2 
 .text.add_alarm_under_lock
                0x1000137c       0x94 CMakeFiles/out.dir/user/HS401/ks02179/com1031/pico-sdk/src/common/pico_time/time.c.obj
 .text.alarm_pool_alarm_callback
                0x10001410      0x210 CMakeFiles/out.dir/user/HS401/ks02179/com1031/pico-sdk/src/common/pico_time/time.c.obj
 .text.alarm_pool_init_default
                0x10001620       0x40 CMakeFiles/out.dir/user/HS401/ks02179/com1031/pico-sdk/src/common/pico_time/time.c.obj
                0x10001620                alarm_pool_init_default
 .text.alarm_pool_get_default
                0x10001660       0x2c CMakeFiles/out.dir/user/HS401/ks02179/com1031/pico-sdk/src/common/pico_time/time.c.obj
                0x10001660                alarm_pool_get_default
 .text.alarm_pool_add_alarm_at
                0x1000168c      0x10e CMakeFiles/out.dir/user/HS401/ks02179/com1031/pico-sdk/src/common/pico_time/time.c.obj
                0x1000168c                alarm_pool_add_alarm_at
 .text.add_alarm_at
                0x1000179a       0x2e CMakeFiles/out.dir/user/HS401/ks02179/com1031/pico-sdk/src/common/pico_time/time.c.obj
 .text.alarm_pool_cancel_alarm
                0x100017c8       0xa8 CMakeFiles/out.dir/user/HS401/ks02179/com1031/pico-sdk/src/common/pico_time/time.c.obj
                0x100017c8                alarm_pool_cancel_alarm
 .text.cancel_alarm
                0x10001870       0x10 CMakeFiles/out.dir/user/HS401/ks02179/com1031/pico-sdk/src/common/pico_time/time.c.obj
 .text.sleep_until
                0x10001880       0xb0 CMakeFiles/out.dir/user/HS401/ks02179/com1031/pico-sdk/src/common/pico_time/time.c.obj
                0x10001880                sleep_until
 .text.sleep_us
                0x10001930       0x1a CMakeFiles/out.dir/user/HS401/ks02179/com1031/pico-sdk/src/common/pico_time/time.c.obj
                0x10001930                sleep_us
 .text.sleep_ms
                0x1000194a       0x14 CMakeFiles/out.dir/user/HS401/ks02179/com1031/pico-sdk/src/common/pico_time/time.c.obj
                0x1000194a                sleep_ms
 *fill*         0x1000195e        0x2 
 .text.best_effort_wfe_or_timeout
                0x10001960       0x44 CMakeFiles/out.dir/user/HS401/ks02179/com1031/pico-sdk/src/common/pico_time/time.c.obj
                0x10001960                best_effort_wfe_or_timeout
 .text.update_us_since_boot
                0x100019a4       0x24 CMakeFiles/out.dir/user/HS401/ks02179/com1031/pico-sdk/src/rp2_common/hardware_timer/timer.c.obj
 .text.hardware_alarm_irq_handler
                0x100019c8       0x8c CMakeFiles/out.dir/user/HS401/ks02179/com1031/pico-sdk/src/rp2_common/hardware_timer/timer.c.obj
 .text.hardware_alarm_claim
                0x10001a54       0x18 CMakeFiles/out.dir/user/HS401/ks02179/com1031/pico-sdk/src/rp2_common/hardware_timer/timer.c.obj
                0x10001a54                hardware_alarm_claim
 .text.time_us_64
                0x10001a6c       0x18 CMakeFiles/out.dir/user/HS401/ks02179/com1031/pico-sdk/src/rp2_common/hardware_timer/timer.c.obj
                0x10001a6c                time_us_64
 .text.busy_wait_until
                0x10001a84       0x28 CMakeFiles/out.dir/user/HS401/ks02179/com1031/pico-sdk/src/rp2_common/hardware_timer/timer.c.obj
                0x10001a84                busy_wait_until
 .text.busy_wait_us
                0x10001aac       0x3a CMakeFiles/out.dir/user/HS401/ks02179/com1031/pico-sdk/src/rp2_common/hardware_timer/timer.c.obj
                0x10001aac                busy_wait_us
 *fill*         0x10001ae6        0x2 
 .text.hardware_alarm_set_callback
                0x10001ae8       0x90 CMakeFiles/out.dir/user/HS401/ks02179/com1031/pico-sdk/src/rp2_common/hardware_timer/timer.c.obj
                0x10001ae8                hardware_alarm_set_callback
 .text.hardware_alarm_set_target
                0x10001b78       0xe8 CMakeFiles/out.dir/user/HS401/ks02179/com1031/pico-sdk/src/rp2_common/hardware_timer/timer.c.obj
                0x10001b78                hardware_alarm_set_target
 .text.hardware_alarm_cancel
                0x10001c60       0x40 CMakeFiles/out.dir/user/HS401/ks02179/com1031/pico-sdk/src/rp2_common/hardware_timer/timer.c.obj
                0x10001c60                hardware_alarm_cancel
 .text.ph_get_node
                0x10001ca0       0x30 CMakeFiles/out.dir/user/HS401/ks02179/com1031/pico-sdk/src/common/pico_util/pheap.c.obj
 .text.ph_add_child_node
                0x10001cd0       0x6c CMakeFiles/out.dir/user/HS401/ks02179/com1031/pico-sdk/src/common/pico_util/pheap.c.obj
 .text.ph_merge_nodes
                0x10001d3c       0x3e CMakeFiles/out.dir/user/HS401/ks02179/com1031/pico-sdk/src/common/pico_util/pheap.c.obj
 .text.ph_clear
                0x10001d7a       0x34 CMakeFiles/out.dir/user/HS401/ks02179/com1031/pico-sdk/src/common/pico_util/pheap.c.obj
                0x10001d7a                ph_clear
 .text.ph_post_alloc_init
                0x10001dae        0xe CMakeFiles/out.dir/user/HS401/ks02179/com1031/pico-sdk/src/common/pico_util/pheap.c.obj
                0x10001dae                ph_post_alloc_init
 .text.ph_merge_two_pass
                0x10001dbc       0x5c CMakeFiles/out.dir/user/HS401/ks02179/com1031/pico-sdk/src/common/pico_util/pheap.c.obj
                0x10001dbc                ph_merge_two_pass
 .text.ph_remove_any_head
                0x10001e18       0xc0 CMakeFiles/out.dir/user/HS401/ks02179/com1031/pico-sdk/src/common/pico_util/pheap.c.obj
 .text.ph_remove_head
                0x10001ed8       0x14 CMakeFiles/out.dir/user/HS401/ks02179/com1031/pico-sdk/src/common/pico_util/pheap.c.obj
                0x10001ed8                ph_remove_head
 .text.ph_remove_and_free_node
                0x10001eec       0xa0 CMakeFiles/out.dir/user/HS401/ks02179/com1031/pico-sdk/src/common/pico_util/pheap.c.obj
                0x10001eec                ph_remove_and_free_node
 .text.uart_disable_before_lcr_write
                0x10001f8c       0x48 CMakeFiles/out.dir/user/HS401/ks02179/com1031/pico-sdk/src/rp2_common/hardware_uart/uart.c.obj
 .text.uart_write_lcr_bits_masked
                0x10001fd4       0x22 CMakeFiles/out.dir/user/HS401/ks02179/com1031/pico-sdk/src/rp2_common/hardware_uart/uart.c.obj
 *fill*         0x10001ff6        0x2 
 .text.uart_set_baudrate
                0x10001ff8       0x5c CMakeFiles/out.dir/user/HS401/ks02179/com1031/pico-sdk/src/rp2_common/hardware_uart/uart.c.obj
                0x10001ff8                uart_set_baudrate
 .text.uart_set_format
                0x10002054       0x2c CMakeFiles/out.dir/user/HS401/ks02179/com1031/pico-sdk/src/rp2_common/hardware_uart/uart.c.obj
                0x10002054                uart_set_format
 .text.uart_set_translate_crlf
                0x10002080       0x28 CMakeFiles/out.dir/user/HS401/ks02179/com1031/pico-sdk/src/rp2_common/hardware_uart/uart.c.obj
                0x10002080                uart_set_translate_crlf
 .text.uart_init
                0x100020a8       0x80 CMakeFiles/out.dir/user/HS401/ks02179/com1031/pico-sdk/src/rp2_common/hardware_uart/uart.c.obj
                0x100020a8                uart_init
 .text.clock_configure
                0x10002128      0x108 CMakeFiles/out.dir/user/HS401/ks02179/com1031/pico-sdk/src/rp2_common/hardware_clocks/clocks.c.obj
                0x10002128                clock_configure
 .text.clocks_init
                0x10002230      0x100 CMakeFiles/out.dir/user/HS401/ks02179/com1031/pico-sdk/src/rp2_common/hardware_clocks/clocks.c.obj
                0x10002230                clocks_init
 .text.clock_get_hz
                0x10002330        0xc CMakeFiles/out.dir/user/HS401/ks02179/com1031/pico-sdk/src/rp2_common/hardware_clocks/clocks.c.obj
                0x10002330                clock_get_hz
 .text.pll_init
                0x1000233c      0x120 CMakeFiles/out.dir/user/HS401/ks02179/com1031/pico-sdk/src/rp2_common/hardware_pll/pll.c.obj
                0x1000233c                pll_init
 .text.watchdog_start_tick
                0x1000245c       0x10 CMakeFiles/out.dir/user/HS401/ks02179/com1031/pico-sdk/src/rp2_common/hardware_watchdog/watchdog.c.obj
                0x1000245c                watchdog_start_tick
 .text.xosc_init
                0x1000246c       0x28 CMakeFiles/out.dir/user/HS401/ks02179/com1031/pico-sdk/src/rp2_common/hardware_xosc/xosc.c.obj
                0x1000246c                xosc_init
 .text._exit    0x10002494        0x4 CMakeFiles/out.dir/user/HS401/ks02179/com1031/pico-sdk/src/rp2_common/pico_runtime/runtime.c.obj
                0x10002494                _exit
 .text.exit     0x10002498        0x6 CMakeFiles/out.dir/user/HS401/ks02179/com1031/pico-sdk/src/rp2_common/pico_runtime/runtime.c.obj
                0x10002498                exit
 *fill*         0x1000249e        0x2 
 .text.__assert_func
                0x100024a0       0x38 CMakeFiles/out.dir/user/HS401/ks02179/com1031/pico-sdk/src/rp2_common/pico_runtime/runtime.c.obj
                0x100024a0                __assert_func
 .text.runtime_init
                0x100024d8       0xf8 CMakeFiles/out.dir/user/HS401/ks02179/com1031/pico-sdk/src/rp2_common/pico_runtime/runtime.c.obj
                0x100024d8                runtime_init
 .text.update_us_since_boot
                0x100025d0       0x24 CMakeFiles/out.dir/user/HS401/ks02179/com1031/pico-sdk/src/rp2_common/pico_runtime/runtime.c.obj
 .text.get_absolute_time
                0x100025f4       0x22 CMakeFiles/out.dir/user/HS401/ks02179/com1031/pico-sdk/src/rp2_common/pico_runtime/runtime.c.obj
 *fill*         0x10002616        0x2 
 .text._times   0x10002618       0x2c CMakeFiles/out.dir/user/HS401/ks02179/com1031/pico-sdk/src/rp2_common/pico_runtime/runtime.c.obj
                0x10002618                _times
 .text.panic    0x10002644       0x30 CMakeFiles/out.dir/user/HS401/ks02179/com1031/pico-sdk/src/rp2_common/pico_runtime/runtime.c.obj
                0x10002644                panic
 .text._out_null
                0x10002674        0x2 CMakeFiles/out.dir/user/HS401/ks02179/com1031/pico-sdk/src/rp2_common/pico_printf/printf.c.obj
 .text._out_fct
                0x10002676        0xe CMakeFiles/out.dir/user/HS401/ks02179/com1031/pico-sdk/src/rp2_common/pico_printf/printf.c.obj
 .text._atoi    0x10002684       0x24 CMakeFiles/out.dir/user/HS401/ks02179/com1031/pico-sdk/src/rp2_common/pico_printf/printf.c.obj
 .text._out_rev
                0x100026a8       0xae CMakeFiles/out.dir/user/HS401/ks02179/com1031/pico-sdk/src/rp2_common/pico_printf/printf.c.obj
 .text._ntoa_format
                0x10002756      0x110 CMakeFiles/out.dir/user/HS401/ks02179/com1031/pico-sdk/src/rp2_common/pico_printf/printf.c.obj
 .text._ntoa_long
                0x10002866       0xbc CMakeFiles/out.dir/user/HS401/ks02179/com1031/pico-sdk/src/rp2_common/pico_printf/printf.c.obj
 .text._ntoa_long_long
                0x10002922      0x10e CMakeFiles/out.dir/user/HS401/ks02179/com1031/pico-sdk/src/rp2_common/pico_printf/printf.c.obj
 .text._etoa    0x10002a30      0x420 CMakeFiles/out.dir/user/HS401/ks02179/com1031/pico-sdk/src/rp2_common/pico_printf/printf.c.obj
 .text._ftoa    0x10002e50      0x354 CMakeFiles/out.dir/user/HS401/ks02179/com1031/pico-sdk/src/rp2_common/pico_printf/printf.c.obj
 .text._vsnprintf
                0x100031a4      0x65c CMakeFiles/out.dir/user/HS401/ks02179/com1031/pico-sdk/src/rp2_common/pico_printf/printf.c.obj
 .text.vfctprintf
                0x10003800       0x20 CMakeFiles/out.dir/user/HS401/ks02179/com1031/pico-sdk/src/rp2_common/pico_printf/printf.c.obj
                0x10003800                vfctprintf
 .text          0x10003820       0x10 CMakeFiles/out.dir/user/HS401/ks02179/com1031/pico-sdk/src/rp2_common/pico_bit_ops/bit_ops_aeabi.S.obj
 .text.rom_func_lookup
                0x10003830       0x10 CMakeFiles/out.dir/user/HS401/ks02179/com1031/pico-sdk/src/rp2_common/pico_bootrom/bootrom.c.obj
                0x10003830                rom_func_lookup
 .text.rom_data_lookup
                0x10003840       0x10 CMakeFiles/out.dir/user/HS401/ks02179/com1031/pico-sdk/src/rp2_common/pico_bootrom/bootrom.c.obj
                0x10003840                rom_data_lookup
 .text.rom_funcs_lookup
                0x10003850       0x36 CMakeFiles/out.dir/user/HS401/ks02179/com1031/pico-sdk/src/rp2_common/pico_bootrom/bootrom.c.obj
                0x10003850                rom_funcs_lookup
 *fill*         0x10003886        0x2 
 .text.__wrap___aeabi_idiv
                0x10003888       0x50 CMakeFiles/out.dir/user/HS401/ks02179/com1031/pico-sdk/src/rp2_common/pico_divider/divider.S.obj
                0x10003888                __wrap___aeabi_idivmod
                0x10003888                divmod_s32s32
                0x10003888                div_s32s32
                0x10003888                __wrap___aeabi_idiv
                0x10003890                divmod_s32s32_unsafe
                0x100038bc                divmod_s32s32_savestate
 .text.__wrap___aeabi_uidiv
                0x100038d8       0x4c CMakeFiles/out.dir/user/HS401/ks02179/com1031/pico-sdk/src/rp2_common/pico_divider/divider.S.obj
                0x100038d8                __wrap___aeabi_uidiv
                0x100038d8                __wrap___aeabi_uidivmod
                0x100038d8                div_u32u32
                0x100038d8                divmod_u32u32
                0x100038e0                divmod_u32u32_unsafe
                0x10003908                divmod_u32u32_savestate
 .text.__wrap___aeabi_ldiv
                0x10003924      0x424 CMakeFiles/out.dir/user/HS401/ks02179/com1031/pico-sdk/src/rp2_common/pico_divider/divider.S.obj
                0x10003924                div_s64s64
                0x10003924                divmod_s64s64
                0x10003924                __wrap___aeabi_ldivmod
                0x10003954                div_u64u64
                0x10003954                divmod_u64u64
                0x10003954                __wrap___aeabi_uldivmod
                0x10003964                divmod_u64u64_savestate
                0x10003984                divmod_s64s64_unsafe
                0x10003a0c                divmod_u64u64_unsafe
 .text.__wrap___aeabi_darithmetic
                0x10003d48       0x80 CMakeFiles/out.dir/user/HS401/ks02179/com1031/pico-sdk/src/rp2_common/pico_double/double_aeabi.S.obj
                0x10003d48                __wrap___aeabi_drsub
                0x10003d4e                __wrap___aeabi_dsub
                0x10003d60                __wrap___aeabi_dadd
                0x10003d72                __wrap___aeabi_ddiv
                0x10003dae                __wrap___aeabi_dmul
 .text.__wrap___aeabi_cdcmple
                0x10003dc8       0x6c CMakeFiles/out.dir/user/HS401/ks02179/com1031/pico-sdk/src/rp2_common/pico_double/double_aeabi.S.obj
                0x10003dc8                __wrap___aeabi_cdrcmple
                0x10003dd8                __wrap___aeabi_cdcmple
                0x10003dd8                __wrap___aeabi_cdcmpeq
 .text.__wrap___aeabi_dcmplt
                0x10003e34        0xc CMakeFiles/out.dir/user/HS401/ks02179/com1031/pico-sdk/src/rp2_common/pico_double/double_aeabi.S.obj
                0x10003e34                __wrap___aeabi_dcmplt
 .text.__wrap___aeabi_dcmple
                0x10003e40       0x10 CMakeFiles/out.dir/user/HS401/ks02179/com1031/pico-sdk/src/rp2_common/pico_double/double_aeabi.S.obj
                0x10003e40                __wrap___aeabi_dcmple
 .text.__wrap___aeabi_dcmpge
                0x10003e50       0x10 CMakeFiles/out.dir/user/HS401/ks02179/com1031/pico-sdk/src/rp2_common/pico_double/double_aeabi.S.obj
                0x10003e50                __wrap___aeabi_dcmpge
 .text.__wrap___aeabi_dcmpgt
                0x10003e60        0xa CMakeFiles/out.dir/user/HS401/ks02179/com1031/pico-sdk/src/rp2_common/pico_double/double_aeabi.S.obj
                0x10003e60                __wrap___aeabi_dcmpgt
 .text.__wrap___aeabi_dcmpun
                0x10003e6a       0x1c CMakeFiles/out.dir/user/HS401/ks02179/com1031/pico-sdk/src/rp2_common/pico_double/double_aeabi.S.obj
                0x10003e6a                __wrap___aeabi_dcmpun
 *fill*         0x10003e86        0x2 
 .text.__wrap___aeabi_i2d
                0x10003e88       0x38 CMakeFiles/out.dir/user/HS401/ks02179/com1031/pico-sdk/src/rp2_common/pico_double/double_aeabi.S.obj
                0x10003e88                __wrap___aeabi_ui2d
                0x10003e90                __wrap___aeabi_i2d
 .text.__wrap___aeabi_d2iz
                0x10003ec0       0x48 CMakeFiles/out.dir/user/HS401/ks02179/com1031/pico-sdk/src/rp2_common/pico_double/double_aeabi.S.obj
                0x10003ec0                __wrap___aeabi_d2iz
                0x10003ec0                double2int_z
 .text.__wrap___aeabi_d2uiz
                0x10003f08       0x18 CMakeFiles/out.dir/user/HS401/ks02179/com1031/pico-sdk/src/rp2_common/pico_double/double_aeabi.S.obj
                0x10003f08                double2uint
                0x10003f08                __wrap___aeabi_d2uiz
 .text.__aeabi_double_init
                0x10003f20       0xcc CMakeFiles/out.dir/user/HS401/ks02179/com1031/pico-sdk/src/rp2_common/pico_double/double_init_rom.c.obj
                0x10003f20                __aeabi_double_init
 .text.double_table_shim_on_use_helper
                0x10003fec       0x34 CMakeFiles/out.dir/user/HS401/ks02179/com1031/pico-sdk/src/rp2_common/pico_double/double_v1_rom_shim.S.obj
                0x10003fec                double_table_shim_on_use_helper
 .text.__wrap___aeabi_dsub
                0x10004020       0x10 CMakeFiles/out.dir/user/HS401/ks02179/com1031/pico-sdk/src/rp2_common/pico_double/double_v1_rom_shim.S.obj
                0x10004020                drsub_shim
                0x10004026                dsub_shim
 .text.dadd_shim
                0x10004030      0x15c CMakeFiles/out.dir/user/HS401/ks02179/com1031/pico-sdk/src/rp2_common/pico_double/double_v1_rom_shim.S.obj
                0x10004030                dadd_shim
 .text.dmul_shim
                0x1000418c      0x15c CMakeFiles/out.dir/user/HS401/ks02179/com1031/pico-sdk/src/rp2_common/pico_double/double_v1_rom_shim.S.obj
                0x1000418c                dmul_shim
 .text.ddiv_shim
                0x100042e8      0x1b0 CMakeFiles/out.dir/user/HS401/ks02179/com1031/pico-sdk/src/rp2_common/pico_double/double_v1_rom_shim.S.obj
                0x100042e8                ddiv_shim
 .text.double2uint_shim
                0x10004498        0xe CMakeFiles/out.dir/user/HS401/ks02179/com1031/pico-sdk/src/rp2_common/pico_double/double_v1_rom_shim.S.obj
                0x10004498                double2uint_shim
                0x1000449a                double2ufix_shim
 *fill*         0x100044a6        0x2 
 .text.double2uint64_shim
                0x100044a8       0x70 CMakeFiles/out.dir/user/HS401/ks02179/com1031/pico-sdk/src/rp2_common/pico_double/double_v1_rom_shim.S.obj
                0x100044a8                double2uint64_shim
                0x100044aa                double2ufix64_shim
                0x100044ca                d2fix_a
 .text.dunpacks
                0x10004518       0x3c CMakeFiles/out.dir/user/HS401/ks02179/com1031/pico-sdk/src/rp2_common/pico_double/double_v1_rom_shim.S.obj
                0x10004518                dunpacks
 .text.__aeabi_lmul
                0x10004554       0x32 CMakeFiles/out.dir/user/HS401/ks02179/com1031/pico-sdk/src/rp2_common/pico_int64_ops/pico_int64_ops_aeabi.S.obj
                0x10004554                __wrap___aeabi_lmul
 *fill*         0x10004586        0x2 
 .text.__aeabi_float_init
                0x10004588       0xfc CMakeFiles/out.dir/user/HS401/ks02179/com1031/pico-sdk/src/rp2_common/pico_float/float_init_rom.c.obj
                0x10004588                __aeabi_float_init
 .text.float_table_shim_on_use_helper
                0x10004684       0x34 CMakeFiles/out.dir/user/HS401/ks02179/com1031/pico-sdk/src/rp2_common/pico_float/float_v1_rom_shim.S.obj
                0x10004684                float_table_shim_on_use_helper
 .text          0x100046b8       0x10 CMakeFiles/out.dir/user/HS401/ks02179/com1031/pico-sdk/src/rp2_common/pico_mem_ops/mem_ops_aeabi.S.obj
                0x100046b8                __aeabi_mem_init
 .text.memcpy   0x100046c8        0xc CMakeFiles/out.dir/user/HS401/ks02179/com1031/pico-sdk/src/rp2_common/pico_mem_ops/mem_ops_aeabi.S.obj
                0x100046c8                __wrap___aeabi_memcpy
                0x100046c8                __wrap_memcpy
 .text.stdio_out_chars_no_crlf
                0x100046d4        0xe CMakeFiles/out.dir/user/HS401/ks02179/com1031/pico-sdk/src/rp2_common/pico_stdio/stdio.c.obj
 *fill*         0x100046e2        0x2 
 .text.stdio_out_chars_crlf
                0x100046e4       0x80 CMakeFiles/out.dir/user/HS401/ks02179/com1031/pico-sdk/src/rp2_common/pico_stdio/stdio.c.obj
 .text.stdio_stack_buffer_flush
                0x10004764       0x44 CMakeFiles/out.dir/user/HS401/ks02179/com1031/pico-sdk/src/rp2_common/pico_stdio/stdio.c.obj
 .text.stdio_buffered_printer
                0x100047a8       0x20 CMakeFiles/out.dir/user/HS401/ks02179/com1031/pico-sdk/src/rp2_common/pico_stdio/stdio.c.obj
 .text.update_us_since_boot
                0x100047c8       0x24 CMakeFiles/out.dir/user/HS401/ks02179/com1031/pico-sdk/src/rp2_common/pico_stdio/stdio.c.obj
 .text.get_absolute_time
                0x100047ec       0x22 CMakeFiles/out.dir/user/HS401/ks02179/com1031/pico-sdk/src/rp2_common/pico_stdio/stdio.c.obj
 *fill*         0x1000480e        0x2 
 .text.delayed_by_ms
                0x10004810       0x44 CMakeFiles/out.dir/user/HS401/ks02179/com1031/pico-sdk/src/rp2_common/pico_stdio/stdio.c.obj
 .text.make_timeout_time_ms
                0x10004854       0x20 CMakeFiles/out.dir/user/HS401/ks02179/com1031/pico-sdk/src/rp2_common/pico_stdio/stdio.c.obj
 .text.stdout_serialize_begin
                0x10004874       0x20 CMakeFiles/out.dir/user/HS401/ks02179/com1031/pico-sdk/src/rp2_common/pico_stdio/stdio.c.obj
                0x10004874                stdout_serialize_begin
 .text.stdout_serialize_end
                0x10004894       0x10 CMakeFiles/out.dir/user/HS401/ks02179/com1031/pico-sdk/src/rp2_common/pico_stdio/stdio.c.obj
                0x10004894                stdout_serialize_end
 .text.stdio_put_string
                0x100048a4       0x98 CMakeFiles/out.dir/user/HS401/ks02179/com1031/pico-sdk/src/rp2_common/pico_stdio/stdio.c.obj
 .text.__wrap_putchar
                0x1000493c       0x1c CMakeFiles/out.dir/user/HS401/ks02179/com1031/pico-sdk/src/rp2_common/pico_stdio/stdio.c.obj
                0x1000493c                __wrap_putchar
 .text.stdio_set_driver_enabled
                0x10004958       0x2c CMakeFiles/out.dir/user/HS401/ks02179/com1031/pico-sdk/src/rp2_common/pico_stdio/stdio.c.obj
                0x10004958                stdio_set_driver_enabled
 .text.stdio_flush
                0x10004984       0x20 CMakeFiles/out.dir/user/HS401/ks02179/com1031/pico-sdk/src/rp2_common/pico_stdio/stdio.c.obj
                0x10004984                stdio_flush
 .text.__wrap_puts
                0x100049a4       0x1e CMakeFiles/out.dir/user/HS401/ks02179/com1031/pico-sdk/src/rp2_common/pico_stdio/stdio.c.obj
                0x100049a4                __wrap_puts
 *fill*         0x100049c2        0x2 
 .text.__wrap_vprintf
                0x100049c4       0x40 CMakeFiles/out.dir/user/HS401/ks02179/com1031/pico-sdk/src/rp2_common/pico_stdio/stdio.c.obj
                0x100049c4                __wrap_vprintf
 .text.__wrap_printf
                0x10004a04       0x18 CMakeFiles/out.dir/user/HS401/ks02179/com1031/pico-sdk/src/rp2_common/pico_stdio/stdio.c.obj
                0x10004a04                __wrap_printf
 .text.stdio_init_all
                0x10004a1c        0xa CMakeFiles/out.dir/user/HS401/ks02179/com1031/pico-sdk/src/rp2_common/pico_stdio/stdio.c.obj
                0x10004a1c                stdio_init_all
 *fill*         0x10004a26        0x2 
 .text.uart_putc
                0x10004a28       0x60 CMakeFiles/out.dir/user/HS401/ks02179/com1031/pico-sdk/src/rp2_common/pico_stdio_uart/stdio_uart.c.obj
 .text.uart_getc
                0x10004a88       0x24 CMakeFiles/out.dir/user/HS401/ks02179/com1031/pico-sdk/src/rp2_common/pico_stdio_uart/stdio_uart.c.obj
 .text.stdio_uart_out_chars
                0x10004aac       0x20 CMakeFiles/out.dir/user/HS401/ks02179/com1031/pico-sdk/src/rp2_common/pico_stdio_uart/stdio_uart.c.obj
 .text.stdio_uart_in_chars
                0x10004acc       0x5c CMakeFiles/out.dir/user/HS401/ks02179/com1031/pico-sdk/src/rp2_common/pico_stdio_uart/stdio_uart.c.obj
                0x10004acc                stdio_uart_in_chars
 .text.on_uart_rx
                0x10004b28       0x28 CMakeFiles/out.dir/user/HS401/ks02179/com1031/pico-sdk/src/rp2_common/pico_stdio_uart/stdio_uart.c.obj
 .text.stdio_uart_set_chars_available_callback
                0x10004b50       0x8c CMakeFiles/out.dir/user/HS401/ks02179/com1031/pico-sdk/src/rp2_common/pico_stdio_uart/stdio_uart.c.obj
 .text.stdio_uart_init_full
                0x10004bdc       0x44 CMakeFiles/out.dir/user/HS401/ks02179/com1031/pico-sdk/src/rp2_common/pico_stdio_uart/stdio_uart.c.obj
                0x10004bdc                stdio_uart_init_full
 .text.stdio_uart_init
                0x10004c20       0x28 CMakeFiles/out.dir/user/HS401/ks02179/com1031/pico-sdk/src/rp2_common/pico_stdio_uart/stdio_uart.c.obj
                0x10004c20                stdio_uart_init
 .text.clock    0x10004c48       0x28 /user/HS401/ks02179/com1031/arm-toolchain/bin/../lib/gcc/arm-none-eabi/12.3.1/../../../../arm-none-eabi/lib/thumb/v6-m/nofp/libg.a(libc_a-clock.o)
                0x10004c48                clock
 .text._times_r
                0x10004c70        0xc /user/HS401/ks02179/com1031/arm-toolchain/bin/../lib/gcc/arm-none-eabi/12.3.1/../../../../arm-none-eabi/lib/thumb/v6-m/nofp/libg.a(libc_a-timesr.o)
                0x10004c70                _times_r
 .text          0x10004c7c       0x88 /user/HS401/ks02179/com1031/arm-toolchain/bin/../lib/gcc/arm-none-eabi/12.3.1/../../../../arm-none-eabi/lib/thumb/v6-m/nofp/libg.a(libc_a-strcmp.o)
                0x10004c7c                strcmp
 .text.strlen   0x10004d04       0x5c /user/HS401/ks02179/com1031/arm-toolchain/bin/../lib/gcc/arm-none-eabi/12.3.1/../../../../arm-none-eabi/lib/thumb/v6-m/nofp/libg.a(libc_a-strlen-stub.o)
                0x10004d04                strlen
 *(.fini)
 .fini          0x10004d60        0x4 /user/HS401/ks02179/com1031/arm-toolchain/bin/../lib/gcc/arm-none-eabi/12.3.1/thumb/v6-m/nofp/crti.o
                0x10004d60                _fini
 *fill*         0x10004d64        0x4 
 .fini.__stub   0x10004d68       0x40 linker stubs
 *crtbegin.o(.ctors)
 *crtbegin?.o(.ctors)
 *(EXCLUDE_FILE(*crtend.o *crtend?.o) .ctors)
 *(SORT_BY_NAME(.ctors.*))
 *(.ctors)
 *crtbegin.o(.dtors)
 *crtbegin?.o(.dtors)
 *(EXCLUDE_FILE(*crtend.o *crtend?.o) .dtors)
 *(SORT_BY_NAME(.dtors.*))
 *(.dtors)
 *(.eh_frame*)
 .eh_frame      0x10004da8        0x0 /user/HS401/ks02179/com1031/arm-toolchain/bin/../lib/gcc/arm-none-eabi/12.3.1/thumb/v6-m/nofp/crtbegin.o
                0x10004da8                        . = ALIGN (0x4)

.glue_7         0x10004da8        0x0
 .glue_7        0x10004da8        0x0 linker stubs

.glue_7t        0x10004da8        0x0
 .glue_7t       0x10004da8        0x0 linker stubs

.vfp11_veneer   0x10004da8        0x0
 .vfp11_veneer  0x10004da8        0x0 linker stubs

.v4_bx          0x10004da8        0x0
 .v4_bx         0x10004da8        0x0 linker stubs

.iplt           0x10004da8        0x0
 .iplt          0x10004da8        0x0 /user/HS401/ks02179/com1031/arm-toolchain/bin/../lib/gcc/arm-none-eabi/12.3.1/thumb/v6-m/nofp/crtbegin.o

.rodata         0x10004da8     0x1070
 *(EXCLUDE_FILE(*libm.a: *libc.a:*lib_a-mem*.o *libgcc.a:) .rodata*)
 .rodata.decoder.str1.4
                0x10004da8       0x54 CMakeFiles/out.dir/morse_code.c.obj
 .rodata.decoder
                0x10004dfc       0x68 CMakeFiles/out.dir/morse_code.c.obj
 .rodata.checkButton.str1.4
                0x10004e64       0x2d CMakeFiles/out.dir/morse_code.c.obj
 *fill*         0x10004e91        0x3 
 .rodata.main.str1.4
                0x10004e94       0x2a CMakeFiles/out.dir/morse_code.c.obj
 *fill*         0x10004ebe        0x2 
 .rodata.str1.4
                0x10004ec0       0x8d CMakeFiles/out.dir/morse_code.c.obj
 *fill*         0x10004f4d        0x3 
 .rodata.ALL_SEGMENTS
                0x10004f50       0x1c CMakeFiles/out.dir/morse_code.c.obj
 .rodata.resolve_branch.str1.4
                0x10004f6c       0x5f CMakeFiles/out.dir/user/HS401/ks02179/com1031/pico-sdk/src/rp2_common/hardware_irq/irq.c.obj
 *fill*         0x10004fcb        0x1 
 .rodata.make_branch.str1.4
                0x10004fcc       0x30 CMakeFiles/out.dir/user/HS401/ks02179/com1031/pico-sdk/src/rp2_common/hardware_irq/irq.c.obj
 .rodata.insert_branch_and_link.str1.4
                0x10004ffc       0x10 CMakeFiles/out.dir/user/HS401/ks02179/com1031/pico-sdk/src/rp2_common/hardware_irq/irq.c.obj
 .rodata.irq_set_exclusive_handler.str1.4
                0x1000500c       0x36 CMakeFiles/out.dir/user/HS401/ks02179/com1031/pico-sdk/src/rp2_common/hardware_irq/irq.c.obj
 *fill*         0x10005042        0x2 
 .rodata.irq_remove_handler.str1.4
                0x10005044       0x3a CMakeFiles/out.dir/user/HS401/ks02179/com1031/pico-sdk/src/rp2_common/hardware_irq/irq.c.obj
 *fill*         0x1000507e        0x2 
 .rodata.irq_add_tail_to_free_list.str1.4
                0x10005080       0x3a CMakeFiles/out.dir/user/HS401/ks02179/com1031/pico-sdk/src/rp2_common/hardware_irq/irq.c.obj
 *fill*         0x100050ba        0x2 
 .rodata.__func__.0
                0x100050bc       0x1a CMakeFiles/out.dir/user/HS401/ks02179/com1031/pico-sdk/src/rp2_common/hardware_irq/irq.c.obj
 *fill*         0x100050d6        0x2 
 .rodata.__func__.1
                0x100050d8       0x17 CMakeFiles/out.dir/user/HS401/ks02179/com1031/pico-sdk/src/rp2_common/hardware_irq/irq.c.obj
 *fill*         0x100050ef        0x1 
 .rodata.__func__.2
                0x100050f0       0x13 CMakeFiles/out.dir/user/HS401/ks02179/com1031/pico-sdk/src/rp2_common/hardware_irq/irq.c.obj
 *fill*         0x10005103        0x1 
 .rodata.__func__.3
                0x10005104        0xc CMakeFiles/out.dir/user/HS401/ks02179/com1031/pico-sdk/src/rp2_common/hardware_irq/irq.c.obj
 .rodata.__func__.4
                0x10005110        0xf CMakeFiles/out.dir/user/HS401/ks02179/com1031/pico-sdk/src/rp2_common/hardware_irq/irq.c.obj
 *fill*         0x1000511f        0x1 
 .rodata.__func__.6
                0x10005120       0x1a CMakeFiles/out.dir/user/HS401/ks02179/com1031/pico-sdk/src/rp2_common/hardware_irq/irq.c.obj
 *fill*         0x1000513a        0x2 
 .rodata.str1.4
                0x1000513c       0x95 CMakeFiles/out.dir/user/HS401/ks02179/com1031/pico-sdk/src/common/pico_sync/mutex.c.obj
 *fill*         0x100051d1        0x3 
 .rodata.__func__.1
                0x100051d4        0xb CMakeFiles/out.dir/user/HS401/ks02179/com1031/pico-sdk/src/common/pico_sync/mutex.c.obj
 *fill*         0x100051df        0x1 
 .rodata.__func__.3
                0x100051e0       0x18 CMakeFiles/out.dir/user/HS401/ks02179/com1031/pico-sdk/src/common/pico_sync/mutex.c.obj
 .rodata.get_entry.str1.4
                0x100051f8       0x65 CMakeFiles/out.dir/user/HS401/ks02179/com1031/pico-sdk/src/common/pico_time/time.c.obj
 *fill*         0x1000525d        0x3 
 .rodata.update_us_since_boot.str1.4
                0x10005260       0x6b CMakeFiles/out.dir/user/HS401/ks02179/com1031/pico-sdk/src/common/pico_time/time.c.obj
 *fill*         0x100052cb        0x1 
 .rodata.ph_get_node.str1.4
                0x100052cc       0x70 CMakeFiles/out.dir/user/HS401/ks02179/com1031/pico-sdk/src/common/pico_time/time.c.obj
 .rodata.ph_add_child_node.str1.4
                0x1000533c       0x2e CMakeFiles/out.dir/user/HS401/ks02179/com1031/pico-sdk/src/common/pico_time/time.c.obj
 *fill*         0x1000536a        0x2 
 .rodata.ph_insert_node.str1.4
                0x1000536c        0x3 CMakeFiles/out.dir/user/HS401/ks02179/com1031/pico-sdk/src/common/pico_time/time.c.obj
 *fill*         0x1000536f        0x1 
 .rodata.ph_free_node.str1.4
                0x10005370       0x38 CMakeFiles/out.dir/user/HS401/ks02179/com1031/pico-sdk/src/common/pico_time/time.c.obj
 .rodata.add_alarm_under_lock.str1.4
                0x100053a8       0x28 CMakeFiles/out.dir/user/HS401/ks02179/com1031/pico-sdk/src/common/pico_time/time.c.obj
 .rodata.alarm_pool_alarm_callback.str1.4
                0x100053d0       0x60 CMakeFiles/out.dir/user/HS401/ks02179/com1031/pico-sdk/src/common/pico_time/time.c.obj
 .rodata.alarm_pool_get_default.str1.4
                0x10005430       0x21 CMakeFiles/out.dir/user/HS401/ks02179/com1031/pico-sdk/src/common/pico_time/time.c.obj
 *fill*         0x10005451        0x3 
 .rodata.alarm_pool_cancel_alarm.str1.4
                0x10005454       0x27 CMakeFiles/out.dir/user/HS401/ks02179/com1031/pico-sdk/src/common/pico_time/time.c.obj
 *fill*         0x1000547b        0x1 
 .rodata.sleep_until.str1.4
                0x1000547c       0x4d CMakeFiles/out.dir/user/HS401/ks02179/com1031/pico-sdk/src/common/pico_time/time.c.obj
 *fill*         0x100054c9        0x3 
 .rodata.__func__.1
                0x100054cc       0x18 CMakeFiles/out.dir/user/HS401/ks02179/com1031/pico-sdk/src/common/pico_time/time.c.obj
 .rodata.__func__.3
                0x100054e4       0x17 CMakeFiles/out.dir/user/HS401/ks02179/com1031/pico-sdk/src/common/pico_time/time.c.obj
 *fill*         0x100054fb        0x1 
 .rodata.__func__.4
                0x100054fc       0x12 CMakeFiles/out.dir/user/HS401/ks02179/com1031/pico-sdk/src/common/pico_time/time.c.obj
 *fill*         0x1000550e        0x2 
 .rodata.__func__.5
                0x10005510        0xd CMakeFiles/out.dir/user/HS401/ks02179/com1031/pico-sdk/src/common/pico_time/time.c.obj
 *fill*         0x1000551d        0x3 
 .rodata.__func__.6
                0x10005520       0x12 CMakeFiles/out.dir/user/HS401/ks02179/com1031/pico-sdk/src/common/pico_time/time.c.obj
 *fill*         0x10005532        0x2 
 .rodata.__func__.7
                0x10005534        0xf CMakeFiles/out.dir/user/HS401/ks02179/com1031/pico-sdk/src/common/pico_time/time.c.obj
 *fill*         0x10005543        0x1 
 .rodata.__func__.8
                0x10005544        0xc CMakeFiles/out.dir/user/HS401/ks02179/com1031/pico-sdk/src/common/pico_time/time.c.obj
 .rodata.__func__.9
                0x10005550       0x15 CMakeFiles/out.dir/user/HS401/ks02179/com1031/pico-sdk/src/common/pico_time/time.c.obj
 *fill*         0x10005565        0x3 
 .rodata.__func__.10
                0x10005568       0x15 CMakeFiles/out.dir/user/HS401/ks02179/com1031/pico-sdk/src/common/pico_time/time.c.obj
 *fill*         0x1000557d        0x3 
 .rodata.__func__.11
                0x10005580       0x1a CMakeFiles/out.dir/user/HS401/ks02179/com1031/pico-sdk/src/common/pico_time/time.c.obj
 *fill*         0x1000559a        0x2 
 .rodata.__func__.12
                0x1000559c        0xa CMakeFiles/out.dir/user/HS401/ks02179/com1031/pico-sdk/src/common/pico_time/time.c.obj
 .rodata.update_us_since_boot.str1.4
                0x100055a6       0x6b CMakeFiles/out.dir/user/HS401/ks02179/com1031/pico-sdk/src/rp2_common/hardware_timer/timer.c.obj
 *fill*         0x100055a6        0x2 
 .rodata.hardware_alarm_claim.str1.4
                0x100055a8       0x22 CMakeFiles/out.dir/user/HS401/ks02179/com1031/pico-sdk/src/rp2_common/hardware_timer/timer.c.obj
 *fill*         0x100055ca        0x2 
 .rodata.hardware_alarm_set_target.str1.4
                0x100055cc       0x6f CMakeFiles/out.dir/user/HS401/ks02179/com1031/pico-sdk/src/rp2_common/hardware_timer/timer.c.obj
 *fill*         0x1000563b        0x1 
 .rodata.__func__.0
                0x1000563c       0x1a CMakeFiles/out.dir/user/HS401/ks02179/com1031/pico-sdk/src/rp2_common/hardware_timer/timer.c.obj
 *fill*         0x10005656        0x2 
 .rodata.__func__.1
                0x10005658       0x15 CMakeFiles/out.dir/user/HS401/ks02179/com1031/pico-sdk/src/rp2_common/hardware_timer/timer.c.obj
 .rodata.ph_get_node.str1.4
                0x1000566d       0x70 CMakeFiles/out.dir/user/HS401/ks02179/com1031/pico-sdk/src/common/pico_util/pheap.c.obj
 .rodata.ph_add_child_node.str1.4
                0x1000566d       0x2e CMakeFiles/out.dir/user/HS401/ks02179/com1031/pico-sdk/src/common/pico_util/pheap.c.obj
 *fill*         0x1000566d        0x3 
 .rodata.ph_remove_any_head.str1.4
                0x10005670       0x98 CMakeFiles/out.dir/user/HS401/ks02179/com1031/pico-sdk/src/common/pico_util/pheap.c.obj
                                 0xac (size before relaxing)
 .rodata.ph_remove_and_free_node.str1.4
                0x10005708       0x1e CMakeFiles/out.dir/user/HS401/ks02179/com1031/pico-sdk/src/common/pico_util/pheap.c.obj
                                 0x26 (size before relaxing)
 *fill*         0x10005726        0x2 
 .rodata.__func__.0
                0x10005728       0x18 CMakeFiles/out.dir/user/HS401/ks02179/com1031/pico-sdk/src/common/pico_util/pheap.c.obj
 .rodata.__func__.1
                0x10005740       0x13 CMakeFiles/out.dir/user/HS401/ks02179/com1031/pico-sdk/src/common/pico_util/pheap.c.obj
 *fill*         0x10005753        0x1 
 .rodata.__func__.2
                0x10005754       0x12 CMakeFiles/out.dir/user/HS401/ks02179/com1031/pico-sdk/src/common/pico_util/pheap.c.obj
 *fill*         0x10005766        0x2 
 .rodata.__func__.3
                0x10005768        0xc CMakeFiles/out.dir/user/HS401/ks02179/com1031/pico-sdk/src/common/pico_util/pheap.c.obj
 .rodata.clock_configure.str1.4
                0x10005774       0x61 CMakeFiles/out.dir/user/HS401/ks02179/com1031/pico-sdk/src/rp2_common/hardware_clocks/clocks.c.obj
 *fill*         0x100057d5        0x3 
 .rodata.__func__.1
                0x100057d8       0x10 CMakeFiles/out.dir/user/HS401/ks02179/com1031/pico-sdk/src/rp2_common/hardware_clocks/clocks.c.obj
 .rodata.pll_init.str1.4
                0x100057e8      0x12c CMakeFiles/out.dir/user/HS401/ks02179/com1031/pico-sdk/src/rp2_common/hardware_pll/pll.c.obj
 .rodata.__func__.0
                0x10005914        0x9 CMakeFiles/out.dir/user/HS401/ks02179/com1031/pico-sdk/src/rp2_common/hardware_pll/pll.c.obj
 *fill*         0x1000591d        0x3 
 .rodata.__assert_func.str1.4
                0x10005920       0x3f CMakeFiles/out.dir/user/HS401/ks02179/com1031/pico-sdk/src/rp2_common/pico_runtime/runtime.c.obj
                                 0x43 (size before relaxing)
 *fill*         0x1000595f        0x1 
 .rodata.runtime_init.str1.4
                0x10005960       0x6b CMakeFiles/out.dir/user/HS401/ks02179/com1031/pico-sdk/src/rp2_common/pico_runtime/runtime.c.obj
 .rodata.update_us_since_boot.str1.4
                0x100059cb       0x6b CMakeFiles/out.dir/user/HS401/ks02179/com1031/pico-sdk/src/rp2_common/pico_runtime/runtime.c.obj
 *fill*         0x100059cb        0x1 
 .rodata.panic.str1.4
                0x100059cc       0x12 CMakeFiles/out.dir/user/HS401/ks02179/com1031/pico-sdk/src/rp2_common/pico_runtime/runtime.c.obj
 *fill*         0x100059de        0x2 
 .rodata.__func__.0
                0x100059e0       0x15 CMakeFiles/out.dir/user/HS401/ks02179/com1031/pico-sdk/src/rp2_common/pico_runtime/runtime.c.obj
 *fill*         0x100059f5        0x3 
 .rodata.__func__.2
                0x100059f8        0xd CMakeFiles/out.dir/user/HS401/ks02179/com1031/pico-sdk/src/rp2_common/pico_runtime/runtime.c.obj
 *fill*         0x10005a05        0x3 
 .rodata._ftoa.str1.4
                0x10005a08       0x15 CMakeFiles/out.dir/user/HS401/ks02179/com1031/pico-sdk/src/rp2_common/pico_printf/printf.c.obj
 *fill*         0x10005a1d        0x3 
 .rodata._vsnprintf
                0x10005a20      0x19c CMakeFiles/out.dir/user/HS401/ks02179/com1031/pico-sdk/src/rp2_common/pico_printf/printf.c.obj
 *fill*         0x10005bbc        0x4 
 .rodata.pow10.0
                0x10005bc0       0x50 CMakeFiles/out.dir/user/HS401/ks02179/com1031/pico-sdk/src/rp2_common/pico_printf/printf.c.obj
 .rodata.__aeabi_double_init.str1.4
                0x10005c10       0xa6 CMakeFiles/out.dir/user/HS401/ks02179/com1031/pico-sdk/src/rp2_common/pico_double/double_init_rom.c.obj
 *fill*         0x10005cb6        0x2 
 .rodata.__func__.0
                0x10005cb8       0x14 CMakeFiles/out.dir/user/HS401/ks02179/com1031/pico-sdk/src/rp2_common/pico_double/double_init_rom.c.obj
 .rodata.__aeabi_float_init.str1.4
                0x10005ccc       0x84 CMakeFiles/out.dir/user/HS401/ks02179/com1031/pico-sdk/src/rp2_common/pico_float/float_init_rom.c.obj
                                 0x88 (size before relaxing)
 .rodata.__func__.0
                0x10005d50       0x13 CMakeFiles/out.dir/user/HS401/ks02179/com1031/pico-sdk/src/rp2_common/pico_float/float_init_rom.c.obj
 *fill*         0x10005d63        0x1 
 .rodata.str1.4
                0x10005d64       0x34 CMakeFiles/out.dir/user/HS401/ks02179/com1031/pico-sdk/src/rp2_common/pico_standard_link/binary_info.c.obj
 .rodata.__bi_81
                0x10005d98        0xc CMakeFiles/out.dir/user/HS401/ks02179/com1031/pico-sdk/src/rp2_common/pico_standard_link/binary_info.c.obj
 .rodata.__bi_75
                0x10005da4        0xc CMakeFiles/out.dir/user/HS401/ks02179/com1031/pico-sdk/src/rp2_common/pico_standard_link/binary_info.c.obj
 .rodata.__bi_44
                0x10005db0        0xc CMakeFiles/out.dir/user/HS401/ks02179/com1031/pico-sdk/src/rp2_common/pico_standard_link/binary_info.c.obj
 .rodata.update_us_since_boot.str1.4
                0x10005dbc       0x6b CMakeFiles/out.dir/user/HS401/ks02179/com1031/pico-sdk/src/rp2_common/pico_stdio/stdio.c.obj
 .rodata.crlf_str.2
                0x10005dbc        0x2 CMakeFiles/out.dir/user/HS401/ks02179/com1031/pico-sdk/src/rp2_common/pico_stdio/stdio.c.obj
 *fill*         0x10005dbe        0x2 
 .rodata.__func__.3
                0x10005dc0       0x15 CMakeFiles/out.dir/user/HS401/ks02179/com1031/pico-sdk/src/rp2_common/pico_stdio/stdio.c.obj
 *fill*         0x10005dd5        0x3 
 .rodata.str1.4
                0x10005dd8       0x2c CMakeFiles/out.dir/user/HS401/ks02179/com1031/pico-sdk/src/rp2_common/pico_stdio_uart/stdio_uart.c.obj
 .rodata.__bi_33.4
                0x10005e04        0xc CMakeFiles/out.dir/user/HS401/ks02179/com1031/pico-sdk/src/rp2_common/pico_stdio_uart/stdio_uart.c.obj
 .rodata.__bi_34.5
                0x10005e10        0x8 CMakeFiles/out.dir/user/HS401/ks02179/com1031/pico-sdk/src/rp2_common/pico_stdio_uart/stdio_uart.c.obj
                0x10005e18                        . = ALIGN (0x4)
 *(SORT_BY_ALIGNMENT(SORT_BY_NAME(.flashdata*)))
                0x10005e18                        . = ALIGN (0x4)

.ARM.extab
 *(.ARM.extab* .gnu.linkonce.armextab.*)
                0x10005e18                        __exidx_start = .

.ARM.exidx
 *(.ARM.exidx* .gnu.linkonce.armexidx.*)
                0x10005e18                        __exidx_end = .
                0x10005e18                        . = ALIGN (0x4)
                0x10005e18                        __binary_info_start = .

.binary_info    0x10005e18       0x20
 *(.binary_info.keep.*)
 .binary_info.keep.__bi_ptr81
                0x10005e18        0x4 CMakeFiles/out.dir/user/HS401/ks02179/com1031/pico-sdk/src/rp2_common/pico_standard_link/binary_info.c.obj
 .binary_info.keep.__bi_ptr75
                0x10005e1c        0x4 CMakeFiles/out.dir/user/HS401/ks02179/com1031/pico-sdk/src/rp2_common/pico_standard_link/binary_info.c.obj
 .binary_info.keep.__bi_ptr50
                0x10005e20        0x4 CMakeFiles/out.dir/user/HS401/ks02179/com1031/pico-sdk/src/rp2_common/pico_standard_link/binary_info.c.obj
 .binary_info.keep.__bi_ptr44
                0x10005e24        0x4 CMakeFiles/out.dir/user/HS401/ks02179/com1031/pico-sdk/src/rp2_common/pico_standard_link/binary_info.c.obj
 .binary_info.keep.__bi_ptr30
                0x10005e28        0x4 CMakeFiles/out.dir/user/HS401/ks02179/com1031/pico-sdk/src/rp2_common/pico_standard_link/binary_info.c.obj
 .binary_info.keep.__bi_ptr22
                0x10005e2c        0x4 CMakeFiles/out.dir/user/HS401/ks02179/com1031/pico-sdk/src/rp2_common/pico_standard_link/binary_info.c.obj
 *(.binary_info.*)
 .binary_info.__bi_ptr34
                0x10005e30        0x4 CMakeFiles/out.dir/user/HS401/ks02179/com1031/pico-sdk/src/rp2_common/pico_stdio_uart/stdio_uart.c.obj
 .binary_info.__bi_ptr33
                0x10005e34        0x4 CMakeFiles/out.dir/user/HS401/ks02179/com1031/pico-sdk/src/rp2_common/pico_stdio_uart/stdio_uart.c.obj
                0x10005e38                        __binary_info_end = .

.rel.dyn        0x10005e38        0x0
 .rel.iplt      0x10005e38        0x0 /user/HS401/ks02179/com1031/arm-toolchain/bin/../lib/gcc/arm-none-eabi/12.3.1/thumb/v6-m/nofp/crtbegin.o
                0x10005e38                        . = ALIGN (0x4)

.ram_vector_table
                0x20000000       0xc0
 *(.ram_vector_table)
 .ram_vector_table
                0x20000000       0xc0 CMakeFiles/out.dir/user/HS401/ks02179/com1031/pico-sdk/src/rp2_common/pico_runtime/runtime.c.obj
                0x20000000                ram_vector_table

.data           0x200000c0      0x3dc load address 0x10005e38
                0x200000c0                        __data_start__ = .
 *(vtable)
 *(.time_critical*)
 .time_critical.mutex_try_enter
                0x200000c0       0x46 CMakeFiles/out.dir/user/HS401/ks02179/com1031/pico-sdk/src/common/pico_sync/mutex.c.obj
                0x200000c0                mutex_try_enter
 *fill*         0x20000106        0x2 
 .time_critical.mutex_enter_block_until
                0x20000108       0x8c CMakeFiles/out.dir/user/HS401/ks02179/com1031/pico-sdk/src/common/pico_sync/mutex.c.obj
                0x20000108                mutex_enter_block_until
 .time_critical.mutex_try_enter_block_until
                0x20000194       0x34 CMakeFiles/out.dir/user/HS401/ks02179/com1031/pico-sdk/src/common/pico_sync/mutex.c.obj
                0x20000194                mutex_try_enter_block_until
 .time_critical.mutex_exit
                0x200001c8       0x4c CMakeFiles/out.dir/user/HS401/ks02179/com1031/pico-sdk/src/common/pico_sync/mutex.c.obj
                0x200001c8                mutex_exit
 *(.text*)
 .text          0x20000214        0x4 /user/HS401/ks02179/com1031/arm-toolchain/bin/../lib/gcc/arm-none-eabi/12.3.1/thumb/v6-m/nofp/libgcc.a(_dvmd_tls.o)
                0x20000214                __aeabi_ldiv0
                0x20000214                __aeabi_idiv0
 .text.__stub   0x20000218       0x20 linker stubs
                0x20000238                        . = ALIGN (0x4)
 *(.rodata*)
                0x20000238                        . = ALIGN (0x4)
 *(.data*)
 .data.alphabet
                0x20000238       0x68 CMakeFiles/out.dir/morse_code.c.obj
                0x20000238                alphabet
 .data.striped_spin_lock_num
                0x200002a0        0x1 CMakeFiles/out.dir/user/HS401/ks02179/com1031/pico-sdk/src/rp2_common/hardware_sync/sync.c.obj
 *fill*         0x200002a1        0x3 
 .data          0x200002a4       0x48 CMakeFiles/out.dir/user/HS401/ks02179/com1031/pico-sdk/src/rp2_common/hardware_irq/irq_handler_chain.S.obj
                0x200002a4                irq_handler_chain_slots
                0x200002d4                irq_handler_chain_first_slot
                0x200002de                irq_handler_chain_remove_tail
 .data.default_alarm_pool
                0x200002ec       0x18 CMakeFiles/out.dir/user/HS401/ks02179/com1031/pico-sdk/src/common/pico_time/time.c.obj
 .data.default_alarm_pool_heap
                0x20000304       0x10 CMakeFiles/out.dir/user/HS401/ks02179/com1031/pico-sdk/src/common/pico_time/time.c.obj
 *fill*         0x20000314        0xc 
 .data.aeabi_bits_funcs
                0x20000320       0x10 CMakeFiles/out.dir/user/HS401/ks02179/com1031/pico-sdk/src/rp2_common/pico_bit_ops/bit_ops_aeabi.S.obj
                0x20000320                aeabi_bits_funcs
                0x20000330                aeabi_bits_funcs_end
 .data.aeabi_mem_funcs
                0x20000330       0x10 CMakeFiles/out.dir/user/HS401/ks02179/com1031/pico-sdk/src/rp2_common/pico_mem_ops/mem_ops_aeabi.S.obj
                0x20000330                aeabi_mem_funcs
                0x20000340                aeabi_mem_funcs_end
 .data.stdio_uart
                0x20000340       0x18 CMakeFiles/out.dir/user/HS401/ks02179/com1031/pico-sdk/src/rp2_common/pico_stdio_uart/stdio_uart.c.obj
                0x20000340                stdio_uart
 .data._impure_ptr
                0x20000358        0x4 /user/HS401/ks02179/com1031/arm-toolchain/bin/../lib/gcc/arm-none-eabi/12.3.1/../../../../arm-none-eabi/lib/thumb/v6-m/nofp/libg.a(libc_a-impure.o)
                0x20000358                _impure_ptr
 *fill*         0x2000035c        0x4 
 .data._impure_data
                0x20000360      0x120 /user/HS401/ks02179/com1031/arm-toolchain/bin/../lib/gcc/arm-none-eabi/12.3.1/../../../../arm-none-eabi/lib/thumb/v6-m/nofp/libg.a(libc_a-impure.o)
                0x20000360                _impure_data
                0x20000480                        . = ALIGN (0x4)
 *(.after_data.*)
                0x20000480                        . = ALIGN (0x4)
                0x20000480                        PROVIDE (__mutex_array_start = .)
 *(SORT_BY_NAME(.mutex_array.*))
 *(.mutex_array)
 .mutex_array   0x20000480        0x8 CMakeFiles/out.dir/user/HS401/ks02179/com1031/pico-sdk/src/rp2_common/pico_stdio/stdio.c.obj
                0x20000488                        PROVIDE (__mutex_array_end = .)
                0x20000488                        . = ALIGN (0x4)
                0x20000488                        PROVIDE (__preinit_array_start = .)
 *(SORT_BY_NAME(.preinit_array.*))
 .preinit_array.00001
                0x20000488        0x4 CMakeFiles/out.dir/user/HS401/ks02179/com1031/pico-sdk/src/rp2_common/pico_mem_ops/mem_ops_aeabi.S.obj
 .preinit_array.00010
                0x2000048c        0x4 CMakeFiles/out.dir/user/HS401/ks02179/com1031/pico-sdk/src/rp2_common/pico_bit_ops/bit_ops_aeabi.S.obj
 .preinit_array.00020
                0x20000490        0x4 CMakeFiles/out.dir/user/HS401/ks02179/com1031/pico-sdk/src/rp2_common/pico_double/double_aeabi.S.obj
 .preinit_array.00020
                0x20000494        0x4 CMakeFiles/out.dir/user/HS401/ks02179/com1031/pico-sdk/src/rp2_common/pico_float/float_aeabi.S.obj
 *(.preinit_array)
                0x20000498                        PROVIDE (__preinit_array_end = .)
                0x20000498                        . = ALIGN (0x4)
                0x20000498                        PROVIDE (__init_array_start = .)
 *(SORT_BY_NAME(.init_array.*))
 *(.init_array)
 .init_array    0x20000498        0x4 /user/HS401/ks02179/com1031/arm-toolchain/bin/../lib/gcc/arm-none-eabi/12.3.1/thumb/v6-m/nofp/crtbegin.o
                0x2000049c                        PROVIDE (__init_array_end = .)
                0x2000049c                        . = ALIGN (0x4)
                [!provide]                        PROVIDE (__fini_array_start = .)
 *(SORT_BY_NAME(.fini_array.*))
 *(.fini_array)
                [!provide]                        PROVIDE (__fini_array_end = .)
 *(.jcr)
                0x2000049c                        . = ALIGN (0x4)
                0x2000049c                        __data_end__ = .
                0x10005e38                        __etext = LOADADDR (.data)

.tm_clone_table
                0x2000049c        0x0 load address 0x10006214
 .tm_clone_table
                0x2000049c        0x0 /user/HS401/ks02179/com1031/arm-toolchain/bin/../lib/gcc/arm-none-eabi/12.3.1/thumb/v6-m/nofp/crtbegin.o
 .tm_clone_table
                0x2000049c        0x0 /user/HS401/ks02179/com1031/arm-toolchain/bin/../lib/gcc/arm-none-eabi/12.3.1/thumb/v6-m/nofp/crtend.o

.igot.plt       0x2000049c        0x0 load address 0x10006214
 .igot.plt      0x2000049c        0x0 /user/HS401/ks02179/com1031/arm-toolchain/bin/../lib/gcc/arm-none-eabi/12.3.1/thumb/v6-m/nofp/crtbegin.o

.uninitialized_data
                0x2000049c        0x0 load address 0x10006214
                0x2000049c                        . = ALIGN (0x4)
 *(.uninitialized_data*)

.scratch_x      0x20040000        0x0 load address 0x10006214
                0x20040000                        __scratch_x_start__ = .
 *(.scratch_x.*)
                0x20040000                        . = ALIGN (0x4)
                0x20040000                        __scratch_x_end__ = .
                0x10006214                        __scratch_x_source__ = LOADADDR (.scratch_x)

.scratch_y      0x20041000        0x0 load address 0x10006214
                0x20041000                        __scratch_y_start__ = .
 *(.scratch_y.*)
                0x20041000                        . = ALIGN (0x4)
                0x20041000                        __scratch_y_end__ = .
                0x10006214                        __scratch_y_source__ = LOADADDR (.scratch_y)

.bss            0x200004a0      0x534
                0x200004a0                        . = ALIGN (0x4)
                0x200004a0                        __bss_start__ = .
 *(SORT_BY_ALIGNMENT(SORT_BY_NAME(.bss*)))
 .bss.default_alarm_pool_entries
                0x200004a0      0x100 CMakeFiles/out.dir/user/HS401/ks02179/com1031/pico-sdk/src/common/pico_time/time.c.obj
 .bss.time_pressed
                0x200005a0        0x8 CMakeFiles/out.dir/morse_code.c.obj
                0x200005a0                time_pressed
 .bss.time_since_pressed
                0x200005a8        0x8 CMakeFiles/out.dir/morse_code.c.obj
                0x200005a8                time_since_pressed
 .bss.__sf      0x200005b0      0x138 /user/HS401/ks02179/com1031/arm-toolchain/bin/../lib/gcc/arm-none-eabi/12.3.1/../../../../arm-none-eabi/lib/thumb/v6-m/nofp/libg.a(libc_a-findfp.o)
                0x200005b0                __sf
 .bss.alarm_callbacks
                0x200006e8       0x10 CMakeFiles/out.dir/user/HS401/ks02179/com1031/pico-sdk/src/rp2_common/hardware_timer/timer.c.obj
 .bss.chars_available_callback
                0x200006f8        0x4 CMakeFiles/out.dir/user/HS401/ks02179/com1031/pico-sdk/src/rp2_common/pico_stdio_uart/stdio_uart.c.obj
 .bss.chars_available_param
                0x200006fc        0x4 CMakeFiles/out.dir/user/HS401/ks02179/com1031/pico-sdk/src/rp2_common/pico_stdio_uart/stdio_uart.c.obj
 .bss.configured_freq
                0x20000700       0x28 CMakeFiles/out.dir/user/HS401/ks02179/com1031/pico-sdk/src/rp2_common/hardware_clocks/clocks.c.obj
 .bss.counter   0x20000728        0x4 CMakeFiles/out.dir/morse_code.c.obj
                0x20000728                counter
 .bss.current_time
                0x2000072c        0x4 CMakeFiles/out.dir/morse_code.c.obj
                0x2000072c                current_time
 .bss.default_alarm_pool_entry_ids_high
                0x20000730       0x10 CMakeFiles/out.dir/user/HS401/ks02179/com1031/pico-sdk/src/common/pico_time/time.c.obj
 .bss.default_alarm_pool_heap_nodes
                0x20000740       0x30 CMakeFiles/out.dir/user/HS401/ks02179/com1031/pico-sdk/src/common/pico_time/time.c.obj
 .bss.drivers   0x20000770        0x4 CMakeFiles/out.dir/user/HS401/ks02179/com1031/pico-sdk/src/rp2_common/pico_stdio/stdio.c.obj
 .bss.filter    0x20000774        0x4 CMakeFiles/out.dir/user/HS401/ks02179/com1031/pico-sdk/src/rp2_common/pico_stdio/stdio.c.obj
 .bss.letter    0x20000778        0x5 CMakeFiles/out.dir/morse_code.c.obj
                0x20000778                letter
 *fill*         0x2000077d        0x3 
 .bss.object.0  0x20000780       0x18 /user/HS401/ks02179/com1031/arm-toolchain/bin/../lib/gcc/arm-none-eabi/12.3.1/thumb/v6-m/nofp/crtbegin.o
 .bss.pools     0x20000798       0x10 CMakeFiles/out.dir/user/HS401/ks02179/com1031/pico-sdk/src/common/pico_time/time.c.obj
 .bss.press_end
                0x200007a8        0x4 CMakeFiles/out.dir/morse_code.c.obj
                0x200007a8                press_end
 .bss.press_start
                0x200007ac        0x4 CMakeFiles/out.dir/morse_code.c.obj
                0x200007ac                press_start
 .bss.sd_table  0x200007b0      0x100 CMakeFiles/out.dir/user/HS401/ks02179/com1031/pico-sdk/src/rp2_common/pico_double/double_init_rom.c.obj
                0x200007b0                sd_table
 .bss.sf_clz_func
                0x200008b0        0x4 CMakeFiles/out.dir/user/HS401/ks02179/com1031/pico-sdk/src/rp2_common/pico_double/double_init_rom.c.obj
                0x200008b0                sf_clz_func
 .bss.sf_table  0x200008b4      0x100 CMakeFiles/out.dir/user/HS401/ks02179/com1031/pico-sdk/src/rp2_common/pico_float/float_init_rom.c.obj
                0x200008b4                sf_table
 .bss.sleep_notifier
                0x200009b4        0x4 CMakeFiles/out.dir/user/HS401/ks02179/com1031/pico-sdk/src/common/pico_time/time.c.obj
 .bss.target_hi
                0x200009b8       0x10 CMakeFiles/out.dir/user/HS401/ks02179/com1031/pico-sdk/src/rp2_common/hardware_timer/timer.c.obj
 .bss.uart_char_to_line_feed
                0x200009c8        0x4 CMakeFiles/out.dir/user/HS401/ks02179/com1031/pico-sdk/src/rp2_common/hardware_uart/uart.c.obj
                0x200009c8                uart_char_to_line_feed
 .bss.uart_instance
                0x200009cc        0x4 CMakeFiles/out.dir/user/HS401/ks02179/com1031/pico-sdk/src/rp2_common/pico_stdio_uart/stdio_uart.c.obj
 .bss.claimed   0x200009d0        0x1 CMakeFiles/out.dir/user/HS401/ks02179/com1031/pico-sdk/src/rp2_common/hardware_timer/timer.c.obj
 .bss.irq_hander_chain_free_slot_head
                0x200009d1        0x1 CMakeFiles/out.dir/user/HS401/ks02179/com1031/pico-sdk/src/rp2_common/hardware_irq/irq.c.obj
 .bss.matched   0x200009d2        0x1 CMakeFiles/out.dir/morse_code.c.obj
                0x200009d2                matched
 .bss.timer_callbacks_pending
                0x200009d3        0x1 CMakeFiles/out.dir/user/HS401/ks02179/com1031/pico-sdk/src/rp2_common/hardware_timer/timer.c.obj
 *(COMMON)
                0x200009d4                        . = ALIGN (0x4)
                0x200009d4                        __bss_end__ = .

.heap           0x200009d4      0x800
                0x200009d4                        __end__ = .
                0x200009d4                        end = __end__
 *(.heap*)
 .heap          0x200009d4      0x800 CMakeFiles/out.dir/user/HS401/ks02179/com1031/pico-sdk/src/rp2_common/pico_standard_link/crt0.S.obj
                0x200011d4                        __HeapLimit = .

.stack1_dummy
 *(.stack1*)

.stack_dummy    0x20041000      0x800
 *(.stack*)
 .stack         0x20041000      0x800 CMakeFiles/out.dir/user/HS401/ks02179/com1031/pico-sdk/src/rp2_common/pico_standard_link/crt0.S.obj

.flash_end      0x10006214        0x0
                0x10006214                        PROVIDE (__flash_binary_end = .)
                0x20040000                        __StackLimit = (ORIGIN (RAM) + LENGTH (RAM))
                0x20041000                        __StackOneTop = (ORIGIN (SCRATCH_X) + LENGTH (SCRATCH_X))
                0x20042000                        __StackTop = (ORIGIN (SCRATCH_Y) + LENGTH (SCRATCH_Y))
                0x20041000                        __StackOneBottom = (__StackOneTop - SIZEOF (.stack1_dummy))
                0x20041800                        __StackBottom = (__StackTop - SIZEOF (.stack_dummy))
                0x20042000                        PROVIDE (__stack = __StackTop)
                0x00000001                        ASSERT ((__StackLimit >= __HeapLimit), region RAM overflowed)
                0x00000001                        ASSERT (((__binary_info_header_end - __logical_binary_start) <= 0x100), Binary info must be in first 256 bytes of the binary)
LOAD CMakeFiles/out.dir/morse_code.c.obj
LOAD CMakeFiles/out.dir/user/HS401/ks02179/com1031/pico-sdk/src/rp2_common/pico_stdlib/stdlib.c.obj
LOAD CMakeFiles/out.dir/user/HS401/ks02179/com1031/pico-sdk/src/rp2_common/hardware_gpio/gpio.c.obj
LOAD CMakeFiles/out.dir/user/HS401/ks02179/com1031/pico-sdk/src/rp2_common/pico_platform/platform.c.obj
LOAD CMakeFiles/out.dir/user/HS401/ks02179/com1031/pico-sdk/src/rp2_common/hardware_claim/claim.c.obj
LOAD CMakeFiles/out.dir/user/HS401/ks02179/com1031/pico-sdk/src/rp2_common/hardware_sync/sync.c.obj
LOAD CMakeFiles/out.dir/user/HS401/ks02179/com1031/pico-sdk/src/rp2_common/hardware_irq/irq.c.obj
LOAD CMakeFiles/out.dir/user/HS401/ks02179/com1031/pico-sdk/src/rp2_common/hardware_irq/irq_handler_chain.S.obj
LOAD CMakeFiles/out.dir/user/HS401/ks02179/com1031/pico-sdk/src/common/pico_sync/sem.c.obj
LOAD CMakeFiles/out.dir/user/HS401/ks02179/com1031/pico-sdk/src/common/pico_sync/lock_core.c.obj
LOAD CMakeFiles/out.dir/user/HS401/ks02179/com1031/pico-sdk/src/common/pico_sync/mutex.c.obj
LOAD CMakeFiles/out.dir/user/HS401/ks02179/com1031/pico-sdk/src/common/pico_sync/critical_section.c.obj
LOAD CMakeFiles/out.dir/user/HS401/ks02179/com1031/pico-sdk/src/common/pico_time/time.c.obj
LOAD CMakeFiles/out.dir/user/HS401/ks02179/com1031/pico-sdk/src/common/pico_time/timeout_helper.c.obj
LOAD CMakeFiles/out.dir/user/HS401/ks02179/com1031/pico-sdk/src/rp2_common/hardware_timer/timer.c.obj
LOAD CMakeFiles/out.dir/user/HS401/ks02179/com1031/pico-sdk/src/common/pico_util/datetime.c.obj
LOAD CMakeFiles/out.dir/user/HS401/ks02179/com1031/pico-sdk/src/common/pico_util/pheap.c.obj
LOAD CMakeFiles/out.dir/user/HS401/ks02179/com1031/pico-sdk/src/common/pico_util/queue.c.obj
LOAD CMakeFiles/out.dir/user/HS401/ks02179/com1031/pico-sdk/src/rp2_common/hardware_uart/uart.c.obj
LOAD CMakeFiles/out.dir/user/HS401/ks02179/com1031/pico-sdk/src/rp2_common/hardware_clocks/clocks.c.obj
LOAD CMakeFiles/out.dir/user/HS401/ks02179/com1031/pico-sdk/src/rp2_common/hardware_pll/pll.c.obj
LOAD CMakeFiles/out.dir/user/HS401/ks02179/com1031/pico-sdk/src/rp2_common/hardware_vreg/vreg.c.obj
LOAD CMakeFiles/out.dir/user/HS401/ks02179/com1031/pico-sdk/src/rp2_common/hardware_watchdog/watchdog.c.obj
LOAD CMakeFiles/out.dir/user/HS401/ks02179/com1031/pico-sdk/src/rp2_common/hardware_xosc/xosc.c.obj
LOAD CMakeFiles/out.dir/user/HS401/ks02179/com1031/pico-sdk/src/rp2_common/hardware_divider/divider.S.obj
LOAD CMakeFiles/out.dir/user/HS401/ks02179/com1031/pico-sdk/src/rp2_common/pico_runtime/runtime.c.obj
LOAD CMakeFiles/out.dir/user/HS401/ks02179/com1031/pico-sdk/src/rp2_common/pico_printf/printf.c.obj
LOAD CMakeFiles/out.dir/user/HS401/ks02179/com1031/pico-sdk/src/rp2_common/pico_bit_ops/bit_ops_aeabi.S.obj
LOAD CMakeFiles/out.dir/user/HS401/ks02179/com1031/pico-sdk/src/rp2_common/pico_bootrom/bootrom.c.obj
LOAD CMakeFiles/out.dir/user/HS401/ks02179/com1031/pico-sdk/src/rp2_common/pico_divider/divider.S.obj
LOAD CMakeFiles/out.dir/user/HS401/ks02179/com1031/pico-sdk/src/rp2_common/pico_double/double_aeabi.S.obj
LOAD CMakeFiles/out.dir/user/HS401/ks02179/com1031/pico-sdk/src/rp2_common/pico_double/double_init_rom.c.obj
LOAD CMakeFiles/out.dir/user/HS401/ks02179/com1031/pico-sdk/src/rp2_common/pico_double/double_math.c.obj
LOAD CMakeFiles/out.dir/user/HS401/ks02179/com1031/pico-sdk/src/rp2_common/pico_double/double_v1_rom_shim.S.obj
LOAD CMakeFiles/out.dir/user/HS401/ks02179/com1031/pico-sdk/src/rp2_common/pico_int64_ops/pico_int64_ops_aeabi.S.obj
LOAD CMakeFiles/out.dir/user/HS401/ks02179/com1031/pico-sdk/src/rp2_common/pico_float/float_aeabi.S.obj
LOAD CMakeFiles/out.dir/user/HS401/ks02179/com1031/pico-sdk/src/rp2_common/pico_float/float_init_rom.c.obj
LOAD CMakeFiles/out.dir/user/HS401/ks02179/com1031/pico-sdk/src/rp2_common/pico_float/float_math.c.obj
LOAD CMakeFiles/out.dir/user/HS401/ks02179/com1031/pico-sdk/src/rp2_common/pico_float/float_v1_rom_shim.S.obj
LOAD CMakeFiles/out.dir/user/HS401/ks02179/com1031/pico-sdk/src/rp2_common/pico_malloc/pico_malloc.c.obj
LOAD CMakeFiles/out.dir/user/HS401/ks02179/com1031/pico-sdk/src/rp2_common/pico_mem_ops/mem_ops_aeabi.S.obj
LOAD CMakeFiles/out.dir/user/HS401/ks02179/com1031/pico-sdk/src/rp2_common/pico_standard_link/crt0.S.obj
LOAD CMakeFiles/out.dir/user/HS401/ks02179/com1031/pico-sdk/src/rp2_common/pico_standard_link/new_delete.cpp.obj
LOAD CMakeFiles/out.dir/user/HS401/ks02179/com1031/pico-sdk/src/rp2_common/pico_standard_link/binary_info.c.obj
LOAD CMakeFiles/out.dir/user/HS401/ks02179/com1031/pico-sdk/src/rp2_common/pico_stdio/stdio.c.obj
LOAD CMakeFiles/out.dir/user/HS401/ks02179/com1031/pico-sdk/src/rp2_common/pico_stdio_uart/stdio_uart.c.obj
LOAD /tmp/ccrUYvlk.o
LOAD /user/HS401/ks02179/com1031/arm-toolchain/bin/../lib/gcc/arm-none-eabi/12.3.1/../../../../arm-none-eabi/lib/thumb/v6-m/nofp/libstdc++.a
LOAD /user/HS401/ks02179/com1031/arm-toolchain/bin/../lib/gcc/arm-none-eabi/12.3.1/../../../../arm-none-eabi/lib/thumb/v6-m/nofp/libm.a
START GROUP
LOAD /user/HS401/ks02179/com1031/arm-toolchain/bin/../lib/gcc/arm-none-eabi/12.3.1/thumb/v6-m/nofp/libgcc.a
LOAD /user/HS401/ks02179/com1031/arm-toolchain/bin/../lib/gcc/arm-none-eabi/12.3.1/../../../../arm-none-eabi/lib/thumb/v6-m/nofp/libg.a
LOAD /user/HS401/ks02179/com1031/arm-toolchain/bin/../lib/gcc/arm-none-eabi/12.3.1/../../../../arm-none-eabi/lib/thumb/v6-m/nofp/libc.a
END GROUP
START GROUP
LOAD /user/HS401/ks02179/com1031/arm-toolchain/bin/../lib/gcc/arm-none-eabi/12.3.1/thumb/v6-m/nofp/libgcc.a
LOAD /user/HS401/ks02179/com1031/arm-toolchain/bin/../lib/gcc/arm-none-eabi/12.3.1/../../../../arm-none-eabi/lib/thumb/v6-m/nofp/libc.a
LOAD /user/HS401/ks02179/com1031/arm-toolchain/bin/../lib/gcc/arm-none-eabi/12.3.1/../../../../arm-none-eabi/lib/thumb/v6-m/nofp/libnosys.a
END GROUP
LOAD /user/HS401/ks02179/com1031/arm-toolchain/bin/../lib/gcc/arm-none-eabi/12.3.1/thumb/v6-m/nofp/crtend.o
LOAD /user/HS401/ks02179/com1031/arm-toolchain/bin/../lib/gcc/arm-none-eabi/12.3.1/thumb/v6-m/nofp/crtn.o
OUTPUT(out.elf elf32-littlearm)
LOAD linker stubs

.ARM.attributes
                0x00000000       0x28
 .ARM.attributes
                0x00000000       0x1e /user/HS401/ks02179/com1031/arm-toolchain/bin/../lib/gcc/arm-none-eabi/12.3.1/thumb/v6-m/nofp/crti.o
 .ARM.attributes
                0x0000001e       0x2c /user/HS401/ks02179/com1031/arm-toolchain/bin/../lib/gcc/arm-none-eabi/12.3.1/thumb/v6-m/nofp/crtbegin.o
 .ARM.attributes
                0x0000004a       0x2c CMakeFiles/out.dir/morse_code.c.obj
 .ARM.attributes
                0x00000076       0x2c CMakeFiles/out.dir/user/HS401/ks02179/com1031/pico-sdk/src/rp2_common/hardware_gpio/gpio.c.obj
 .ARM.attributes
                0x000000a2       0x2c CMakeFiles/out.dir/user/HS401/ks02179/com1031/pico-sdk/src/rp2_common/pico_platform/platform.c.obj
 .ARM.attributes
                0x000000ce       0x2c CMakeFiles/out.dir/user/HS401/ks02179/com1031/pico-sdk/src/rp2_common/hardware_claim/claim.c.obj
 .ARM.attributes
                0x000000fa       0x2c CMakeFiles/out.dir/user/HS401/ks02179/com1031/pico-sdk/src/rp2_common/hardware_sync/sync.c.obj
 .ARM.attributes
                0x00000126       0x2c CMakeFiles/out.dir/user/HS401/ks02179/com1031/pico-sdk/src/rp2_common/hardware_irq/irq.c.obj
 .ARM.attributes
                0x00000152       0x22 CMakeFiles/out.dir/user/HS401/ks02179/com1031/pico-sdk/src/rp2_common/hardware_irq/irq_handler_chain.S.obj
 .ARM.attributes
                0x00000174       0x2c CMakeFiles/out.dir/user/HS401/ks02179/com1031/pico-sdk/src/common/pico_sync/lock_core.c.obj
 .ARM.attributes
                0x000001a0       0x2c CMakeFiles/out.dir/user/HS401/ks02179/com1031/pico-sdk/src/common/pico_sync/mutex.c.obj
 .ARM.attributes
                0x000001cc       0x2c CMakeFiles/out.dir/user/HS401/ks02179/com1031/pico-sdk/src/common/pico_time/time.c.obj
 .ARM.attributes
                0x000001f8       0x2c CMakeFiles/out.dir/user/HS401/ks02179/com1031/pico-sdk/src/rp2_common/hardware_timer/timer.c.obj
 .ARM.attributes
                0x00000224       0x2c CMakeFiles/out.dir/user/HS401/ks02179/com1031/pico-sdk/src/common/pico_util/pheap.c.obj
 .ARM.attributes
                0x00000250       0x2c CMakeFiles/out.dir/user/HS401/ks02179/com1031/pico-sdk/src/rp2_common/hardware_uart/uart.c.obj
 .ARM.attributes
                0x0000027c       0x2c CMakeFiles/out.dir/user/HS401/ks02179/com1031/pico-sdk/src/rp2_common/hardware_clocks/clocks.c.obj
 .ARM.attributes
                0x000002a8       0x2c CMakeFiles/out.dir/user/HS401/ks02179/com1031/pico-sdk/src/rp2_common/hardware_pll/pll.c.obj
 .ARM.attributes
                0x000002d4       0x2c CMakeFiles/out.dir/user/HS401/ks02179/com1031/pico-sdk/src/rp2_common/hardware_watchdog/watchdog.c.obj
 .ARM.attributes
                0x00000300       0x2c CMakeFiles/out.dir/user/HS401/ks02179/com1031/pico-sdk/src/rp2_common/hardware_xosc/xosc.c.obj
 .ARM.attributes
                0x0000032c       0x2c CMakeFiles/out.dir/user/HS401/ks02179/com1031/pico-sdk/src/rp2_common/pico_runtime/runtime.c.obj
 .ARM.attributes
                0x00000358       0x2c CMakeFiles/out.dir/user/HS401/ks02179/com1031/pico-sdk/src/rp2_common/pico_printf/printf.c.obj
 .ARM.attributes
                0x00000384       0x22 CMakeFiles/out.dir/user/HS401/ks02179/com1031/pico-sdk/src/rp2_common/pico_bit_ops/bit_ops_aeabi.S.obj
 .ARM.attributes
                0x000003a6       0x2c CMakeFiles/out.dir/user/HS401/ks02179/com1031/pico-sdk/src/rp2_common/pico_bootrom/bootrom.c.obj
 .ARM.attributes
                0x000003d2       0x22 CMakeFiles/out.dir/user/HS401/ks02179/com1031/pico-sdk/src/rp2_common/pico_divider/divider.S.obj
 .ARM.attributes
                0x000003f4       0x22 CMakeFiles/out.dir/user/HS401/ks02179/com1031/pico-sdk/src/rp2_common/pico_double/double_aeabi.S.obj
 .ARM.attributes
                0x00000416       0x2c CMakeFiles/out.dir/user/HS401/ks02179/com1031/pico-sdk/src/rp2_common/pico_double/double_init_rom.c.obj
 .ARM.attributes
                0x00000442       0x22 CMakeFiles/out.dir/user/HS401/ks02179/com1031/pico-sdk/src/rp2_common/pico_double/double_v1_rom_shim.S.obj
 .ARM.attributes
                0x00000464       0x22 CMakeFiles/out.dir/user/HS401/ks02179/com1031/pico-sdk/src/rp2_common/pico_int64_ops/pico_int64_ops_aeabi.S.obj
 .ARM.attributes
                0x00000486       0x22 CMakeFiles/out.dir/user/HS401/ks02179/com1031/pico-sdk/src/rp2_common/pico_float/float_aeabi.S.obj
 .ARM.attributes
                0x000004a8       0x2c CMakeFiles/out.dir/user/HS401/ks02179/com1031/pico-sdk/src/rp2_common/pico_float/float_init_rom.c.obj
 .ARM.attributes
                0x000004d4       0x22 CMakeFiles/out.dir/user/HS401/ks02179/com1031/pico-sdk/src/rp2_common/pico_float/float_v1_rom_shim.S.obj
 .ARM.attributes
                0x000004f6       0x22 CMakeFiles/out.dir/user/HS401/ks02179/com1031/pico-sdk/src/rp2_common/pico_mem_ops/mem_ops_aeabi.S.obj
 .ARM.attributes
                0x00000518       0x22 CMakeFiles/out.dir/user/HS401/ks02179/com1031/pico-sdk/src/rp2_common/pico_standard_link/crt0.S.obj
 .ARM.attributes
                0x0000053a       0x2c CMakeFiles/out.dir/user/HS401/ks02179/com1031/pico-sdk/src/rp2_common/pico_standard_link/binary_info.c.obj
 .ARM.attributes
                0x00000566       0x2c CMakeFiles/out.dir/user/HS401/ks02179/com1031/pico-sdk/src/rp2_common/pico_stdio/stdio.c.obj
 .ARM.attributes
                0x00000592       0x2c CMakeFiles/out.dir/user/HS401/ks02179/com1031/pico-sdk/src/rp2_common/pico_stdio_uart/stdio_uart.c.obj
 .ARM.attributes
                0x000005be       0x22 /tmp/ccrUYvlk.o
 .ARM.attributes
                0x000005e0       0x1e /user/HS401/ks02179/com1031/arm-toolchain/bin/../lib/gcc/arm-none-eabi/12.3.1/thumb/v6-m/nofp/libgcc.a(_dvmd_tls.o)
 .ARM.attributes
                0x000005fe       0x2c /user/HS401/ks02179/com1031/arm-toolchain/bin/../lib/gcc/arm-none-eabi/12.3.1/../../../../arm-none-eabi/lib/thumb/v6-m/nofp/libg.a(libc_a-clock.o)
 .ARM.attributes
                0x0000062a       0x2c /user/HS401/ks02179/com1031/arm-toolchain/bin/../lib/gcc/arm-none-eabi/12.3.1/../../../../arm-none-eabi/lib/thumb/v6-m/nofp/libg.a(libc_a-timesr.o)
 .ARM.attributes
                0x00000656       0x1b /user/HS401/ks02179/com1031/arm-toolchain/bin/../lib/gcc/arm-none-eabi/12.3.1/../../../../arm-none-eabi/lib/thumb/v6-m/nofp/libg.a(libc_a-strcmp.o)
 .ARM.attributes
                0x00000671       0x2c /user/HS401/ks02179/com1031/arm-toolchain/bin/../lib/gcc/arm-none-eabi/12.3.1/../../../../arm-none-eabi/lib/thumb/v6-m/nofp/libg.a(libc_a-impure.o)
 .ARM.attributes
                0x0000069d       0x2c /user/HS401/ks02179/com1031/arm-toolchain/bin/../lib/gcc/arm-none-eabi/12.3.1/../../../../arm-none-eabi/lib/thumb/v6-m/nofp/libg.a(libc_a-findfp.o)
 .ARM.attributes
                0x000006c9       0x2c /user/HS401/ks02179/com1031/arm-toolchain/bin/../lib/gcc/arm-none-eabi/12.3.1/../../../../arm-none-eabi/lib/thumb/v6-m/nofp/libg.a(libc_a-strlen-stub.o)
 .ARM.attributes
                0x000006f5       0x2c /user/HS401/ks02179/com1031/arm-toolchain/bin/../lib/gcc/arm-none-eabi/12.3.1/thumb/v6-m/nofp/crtend.o

.comment        0x00000000       0x45
 .comment       0x00000000       0x45 CMakeFiles/out.dir/morse_code.c.obj
                                 0x46 (size before relaxing)
 .comment       0x00000045       0x46 CMakeFiles/out.dir/user/HS401/ks02179/com1031/pico-sdk/src/rp2_common/hardware_gpio/gpio.c.obj
 .comment       0x00000045       0x46 CMakeFiles/out.dir/user/HS401/ks02179/com1031/pico-sdk/src/rp2_common/pico_platform/platform.c.obj
 .comment       0x00000045       0x46 CMakeFiles/out.dir/user/HS401/ks02179/com1031/pico-sdk/src/rp2_common/hardware_claim/claim.c.obj
 .comment       0x00000045       0x46 CMakeFiles/out.dir/user/HS401/ks02179/com1031/pico-sdk/src/rp2_common/hardware_sync/sync.c.obj
 .comment       0x00000045       0x46 CMakeFiles/out.dir/user/HS401/ks02179/com1031/pico-sdk/src/rp2_common/hardware_irq/irq.c.obj
 .comment       0x00000045       0x46 CMakeFiles/out.dir/user/HS401/ks02179/com1031/pico-sdk/src/common/pico_sync/lock_core.c.obj
 .comment       0x00000045       0x46 CMakeFiles/out.dir/user/HS401/ks02179/com1031/pico-sdk/src/common/pico_sync/mutex.c.obj
 .comment       0x00000045       0x46 CMakeFiles/out.dir/user/HS401/ks02179/com1031/pico-sdk/src/common/pico_time/time.c.obj
 .comment       0x00000045       0x46 CMakeFiles/out.dir/user/HS401/ks02179/com1031/pico-sdk/src/rp2_common/hardware_timer/timer.c.obj
 .comment       0x00000045       0x46 CMakeFiles/out.dir/user/HS401/ks02179/com1031/pico-sdk/src/common/pico_util/pheap.c.obj
 .comment       0x00000045       0x46 CMakeFiles/out.dir/user/HS401/ks02179/com1031/pico-sdk/src/rp2_common/hardware_uart/uart.c.obj
 .comment       0x00000045       0x46 CMakeFiles/out.dir/user/HS401/ks02179/com1031/pico-sdk/src/rp2_common/hardware_clocks/clocks.c.obj
 .comment       0x00000045       0x46 CMakeFiles/out.dir/user/HS401/ks02179/com1031/pico-sdk/src/rp2_common/hardware_pll/pll.c.obj
 .comment       0x00000045       0x46 CMakeFiles/out.dir/user/HS401/ks02179/com1031/pico-sdk/src/rp2_common/hardware_watchdog/watchdog.c.obj
 .comment       0x00000045       0x46 CMakeFiles/out.dir/user/HS401/ks02179/com1031/pico-sdk/src/rp2_common/hardware_xosc/xosc.c.obj
 .comment       0x00000045       0x46 CMakeFiles/out.dir/user/HS401/ks02179/com1031/pico-sdk/src/rp2_common/pico_runtime/runtime.c.obj
 .comment       0x00000045       0x46 CMakeFiles/out.dir/user/HS401/ks02179/com1031/pico-sdk/src/rp2_common/pico_printf/printf.c.obj
 .comment       0x00000045       0x46 CMakeFiles/out.dir/user/HS401/ks02179/com1031/pico-sdk/src/rp2_common/pico_bootrom/bootrom.c.obj
 .comment       0x00000045       0x46 CMakeFiles/out.dir/user/HS401/ks02179/com1031/pico-sdk/src/rp2_common/pico_double/double_init_rom.c.obj
 .comment       0x00000045       0x46 CMakeFiles/out.dir/user/HS401/ks02179/com1031/pico-sdk/src/rp2_common/pico_float/float_init_rom.c.obj
 .comment       0x00000045       0x46 CMakeFiles/out.dir/user/HS401/ks02179/com1031/pico-sdk/src/rp2_common/pico_standard_link/binary_info.c.obj
 .comment       0x00000045       0x46 CMakeFiles/out.dir/user/HS401/ks02179/com1031/pico-sdk/src/rp2_common/pico_stdio/stdio.c.obj
 .comment       0x00000045       0x46 CMakeFiles/out.dir/user/HS401/ks02179/com1031/pico-sdk/src/rp2_common/pico_stdio_uart/stdio_uart.c.obj

.debug_info     0x00000000    0x17f30
 .debug_info    0x00000000     0x40e8 CMakeFiles/out.dir/morse_code.c.obj
 .debug_info    0x000040e8     0x17f5 CMakeFiles/out.dir/user/HS401/ks02179/com1031/pico-sdk/src/rp2_common/hardware_gpio/gpio.c.obj
 .debug_info    0x000058dd      0x1fb CMakeFiles/out.dir/user/HS401/ks02179/com1031/pico-sdk/src/rp2_common/pico_platform/platform.c.obj
 .debug_info    0x00005ad8      0x69a CMakeFiles/out.dir/user/HS401/ks02179/com1031/pico-sdk/src/rp2_common/hardware_claim/claim.c.obj
 .debug_info    0x00006172      0x5db CMakeFiles/out.dir/user/HS401/ks02179/com1031/pico-sdk/src/rp2_common/hardware_sync/sync.c.obj
 .debug_info    0x0000674d     0x1c0b CMakeFiles/out.dir/user/HS401/ks02179/com1031/pico-sdk/src/rp2_common/hardware_irq/irq.c.obj
 .debug_info    0x00008358      0x1a3 CMakeFiles/out.dir/user/HS401/ks02179/com1031/pico-sdk/src/common/pico_sync/lock_core.c.obj
 .debug_info    0x000084fb     0x1d25 CMakeFiles/out.dir/user/HS401/ks02179/com1031/pico-sdk/src/common/pico_sync/mutex.c.obj
 .debug_info    0x0000a220     0x33e9 CMakeFiles/out.dir/user/HS401/ks02179/com1031/pico-sdk/src/common/pico_time/time.c.obj
 .debug_info    0x0000d609     0x142a CMakeFiles/out.dir/user/HS401/ks02179/com1031/pico-sdk/src/rp2_common/hardware_timer/timer.c.obj
 .debug_info    0x0000ea33      0xe63 CMakeFiles/out.dir/user/HS401/ks02179/com1031/pico-sdk/src/common/pico_util/pheap.c.obj
 .debug_info    0x0000f896      0xd98 CMakeFiles/out.dir/user/HS401/ks02179/com1031/pico-sdk/src/rp2_common/hardware_uart/uart.c.obj
 .debug_info    0x0001062e      0xfe7 CMakeFiles/out.dir/user/HS401/ks02179/com1031/pico-sdk/src/rp2_common/hardware_clocks/clocks.c.obj
 .debug_info    0x00011615      0x505 CMakeFiles/out.dir/user/HS401/ks02179/com1031/pico-sdk/src/rp2_common/hardware_pll/pll.c.obj
 .debug_info    0x00011b1a      0x4c5 CMakeFiles/out.dir/user/HS401/ks02179/com1031/pico-sdk/src/rp2_common/hardware_watchdog/watchdog.c.obj
 .debug_info    0x00011fdf      0x1c7 CMakeFiles/out.dir/user/HS401/ks02179/com1031/pico-sdk/src/rp2_common/hardware_xosc/xosc.c.obj
 .debug_info    0x000121a6      0xf17 CMakeFiles/out.dir/user/HS401/ks02179/com1031/pico-sdk/src/rp2_common/pico_runtime/runtime.c.obj
 .debug_info    0x000130bd     0x19a2 CMakeFiles/out.dir/user/HS401/ks02179/com1031/pico-sdk/src/rp2_common/pico_printf/printf.c.obj
 .debug_info    0x00014a5f       0x23 CMakeFiles/out.dir/user/HS401/ks02179/com1031/pico-sdk/src/rp2_common/pico_bit_ops/bit_ops_aeabi.S.obj
 .debug_info    0x00014a82      0x325 CMakeFiles/out.dir/user/HS401/ks02179/com1031/pico-sdk/src/rp2_common/pico_bootrom/bootrom.c.obj
 .debug_info    0x00014da7       0x23 CMakeFiles/out.dir/user/HS401/ks02179/com1031/pico-sdk/src/rp2_common/pico_divider/divider.S.obj
 .debug_info    0x00014dca       0x23 CMakeFiles/out.dir/user/HS401/ks02179/com1031/pico-sdk/src/rp2_common/pico_double/double_aeabi.S.obj
 .debug_info    0x00014ded      0x33b CMakeFiles/out.dir/user/HS401/ks02179/com1031/pico-sdk/src/rp2_common/pico_double/double_init_rom.c.obj
 .debug_info    0x00015128       0x23 CMakeFiles/out.dir/user/HS401/ks02179/com1031/pico-sdk/src/rp2_common/pico_double/double_v1_rom_shim.S.obj
 .debug_info    0x0001514b       0x24 CMakeFiles/out.dir/user/HS401/ks02179/com1031/pico-sdk/src/rp2_common/pico_int64_ops/pico_int64_ops_aeabi.S.obj
 .debug_info    0x0001516f       0x23 CMakeFiles/out.dir/user/HS401/ks02179/com1031/pico-sdk/src/rp2_common/pico_float/float_aeabi.S.obj
 .debug_info    0x00015192      0x34f CMakeFiles/out.dir/user/HS401/ks02179/com1031/pico-sdk/src/rp2_common/pico_float/float_init_rom.c.obj
 .debug_info    0x000154e1       0x23 CMakeFiles/out.dir/user/HS401/ks02179/com1031/pico-sdk/src/rp2_common/pico_float/float_v1_rom_shim.S.obj
 .debug_info    0x00015504       0x23 CMakeFiles/out.dir/user/HS401/ks02179/com1031/pico-sdk/src/rp2_common/pico_mem_ops/mem_ops_aeabi.S.obj
 .debug_info    0x00015527       0x23 CMakeFiles/out.dir/user/HS401/ks02179/com1031/pico-sdk/src/rp2_common/pico_standard_link/crt0.S.obj
 .debug_info    0x0001554a      0x28e CMakeFiles/out.dir/user/HS401/ks02179/com1031/pico-sdk/src/rp2_common/pico_standard_link/binary_info.c.obj
 .debug_info    0x000157d8     0x1725 CMakeFiles/out.dir/user/HS401/ks02179/com1031/pico-sdk/src/rp2_common/pico_stdio/stdio.c.obj
 .debug_info    0x00016efd     0x1033 CMakeFiles/out.dir/user/HS401/ks02179/com1031/pico-sdk/src/rp2_common/pico_stdio_uart/stdio_uart.c.obj

.debug_abbrev   0x00000000     0x4750
 .debug_abbrev  0x00000000      0x358 CMakeFiles/out.dir/morse_code.c.obj
 .debug_abbrev  0x00000358      0x3a6 CMakeFiles/out.dir/user/HS401/ks02179/com1031/pico-sdk/src/rp2_common/hardware_gpio/gpio.c.obj